******************************************************************************
                  TI ARM Linker Unix v16.9.1                   
******************************************************************************
>> Linked Sat Mar 10 16:02:05 2018

OUTPUT FILE NAME:   <adc_dma_data_8led_collector_MSP_EXP432P401R.out>
ENTRY POINT SYMBOL: "_c_int00"  address: 00000c7d


MEMORY CONFIGURATION

         name            origin    length      used     unused   attr    fill
----------------------  --------  ---------  --------  --------  ----  --------
  MAIN                  00000000   00040000  00001046  0003efba  R  X
  INFO                  00200000   00004000  00000000  00004000  R  X
  SRAM_CODE             01000000   00010000  00000924  0000f6dc  RW X
  SRAM_DATA             20000000   00010000  00000924  0000f6dc  RW  


SEGMENT ALLOCATION MAP

run origin  load origin   length   init length attrs members
----------  ----------- ---------- ----------- ----- -------
00000000    00000000    00001048   00001048    r-x
  00000000    00000000    000000e4   000000e4    r-- .intvecs
  000000e4    000000e4    00000ece   00000ece    r-x .text
  00000fb4    00000fb4    00000054   00000054    r-- .const
  00001008    00001008    00000040   00000040    r-- .cinit
20000000    20000000    00000724   00000000    rw-
  20000000    20000000    00000700   00000000    rw- .bss
  20000700    20000700    00000024   00000000    rw- .data
2000fe00    2000fe00    00000200   00000000    rw-
  2000fe00    2000fe00    00000200   00000000    rw- .stack


SECTION ALLOCATION MAP

 output                                  attributes/
section   page    origin      length       input sections
--------  ----  ----------  ----------   ----------------
.intvecs   0    00000000    000000e4     
                  00000000    000000e4     startup_msp432p401r_ccs.obj (.intvecs:retain)

.text      0    000000e4    00000ece     
                  000000e4    000002d0     main.obj (.text:DMA_INT1_IRQHandler)
                  000003b4    00000250     board_init.obj (.text:adc_dma_init)
                  00000604    00000154     main.obj (.text:main)
                  00000758    00000138     board_init.obj (.text:pinout_init)
                  00000890    000000a0     main.obj (.text:WDT_A_IRQHandler)
                  00000930    0000009c     rtsv7M4_T_le_v4SPD16_eabi.lib : memcpy_t2.obj (.text)
                  000009cc    00000086     x9c104.obj (.text:reset)
                  00000a52    0000007a     rtsv7M4_T_le_v4SPD16_eabi.lib : memset_t2.obj (.text)
                  00000acc    00000078     system_msp432p401r.obj (.text:SystemInit)
                  00000b44    00000070     rtsv7M4_T_le_v4SPD16_eabi.lib : autoinit.obj (.text)
                  00000bb4    00000068                                   : copy_decompress_lzss.obj (.text:decompress:lzss)
                  00000c1c    00000060     main.obj (.text:EUSCIA0_IRQHandler)
                  00000c7c    00000054     rtsv7M4_T_le_v4SPD16_eabi.lib : boot.obj (.text)
                  00000cd0    00000054                                   : exit.obj (.text)
                  00000d24    0000004c                                   : cpy_tbl.obj (.text)
                  00000d70    00000048     board_init.obj (.text:timer_init)
                  00000db8    00000038     main.obj (.text:uart_puts)
                  00000df0    00000034     x9c104.obj (.text:potentiometerstart)
                  00000e24    0000002c     x9c104.obj (.text:setPotValue)
                  00000e50    0000002a     x9c104.obj (.text:store)
                  00000e7a    00000028     x9c104.obj (.text:increment)
                  00000ea2    00000002     startup_msp432p401r_ccs.obj (.text:Default_Handler)
                  00000ea4    00000024     msp432p4xx_driverlib.lib : cs.obj (.text:CS_setDCOCenteredFrequency)
                  00000ec8    00000024                              : gpio.obj (.text:GPIO_setAsOutputPin)
                  00000eec    00000020     x9c104.obj (.text:potUp)
                  00000f0c    00000020     main.obj (.text:uart_putchar)
                  00000f2c    00000018     msp432p4xx_driverlib.lib : gpio.obj (.text:GPIO_setOutputLowOnPin)
                  00000f44    00000018     rtsv7M4_T_le_v4SPD16_eabi.lib : args_main.obj (.text)
                  00000f5c    00000014     msp432p4xx_driverlib.lib : gpio.obj (.text:GPIO_setOutputHighOnPin)
                  00000f70    00000014     rtsv7M4_T_le_v4SPD16_eabi.lib : _lock.obj (.text)
                  00000f84    0000000e                                   : copy_decompress_none.obj (.text:decompress:none)
                  00000f92    0000000c     startup_msp432p401r_ccs.obj (.text:Reset_Handler)
                  00000f9e    0000000c     rtsv7M4_T_le_v4SPD16_eabi.lib : copy_zero_init.obj (.text:decompress:ZI)
                  00000faa    00000004                                   : pre_init.obj (.text)
                  00000fae    00000002                                   : mpu_init.obj (.text)
                  00000fb0    00000002                                   : startup.obj (.text)

.const     0    00000fb4    00000054     
                  00000fb4    00000030     msp432p4xx_driverlib.lib : gpio.obj (.const:GPIO_PORT_TO_BASE)
                  00000fe4    00000024     main.obj (.const:uartConfig)

.cinit     0    00001008    00000040     
                  00001008    00000015     (.cinit..data.load) [load image, compression = lzss]
                  0000101d    00000003     --HOLE-- [fill = 0]
                  00001020    0000000c     (__TI_handler_table)
                  0000102c    00000004     --HOLE-- [fill = 0]
                  00001030    00000008     (.cinit..bss.load) [load image, compression = zero_init]
                  00001038    00000010     (__TI_cinit_table)

.init_array 
*          0    00000000    00000000     UNINITIALIZED

.binit     0    00000000    00000000     

.bss       0    20000000    00000700     UNINITIALIZED
                  20000000    00000200     board_init.obj (.bss:resultsBuffer)
                  20000200    00000200     main.obj (.bss:resultsBuffer)
                  20000400    00000104     main.obj (.bss:tx_buf)
                  20000504    000000fc     --HOLE--
                  20000600    00000100     (.common:controlTable)

.data      0    20000700    00000024     UNINITIALIZED
                  20000700    0000000c     rtsv7M4_T_le_v4SPD16_eabi.lib : exit.obj (.data:$O1$$)
                  2000070c    0000000c     main.obj (.data)
                  20000718    00000008     rtsv7M4_T_le_v4SPD16_eabi.lib : _lock.obj (.data:$O1$$)
                  20000720    00000004                                   : stkdepth_vars.obj (.data)

.stack     0    2000fe00    00000200     UNINITIALIZED
                  2000fe00    00000200     --HOLE--

MODULE SUMMARY

       Module                        code   ro data   rw data
       ------                        ----   -------   -------
    ./
       main.obj                      1404   36        1568   
       board_init.obj                976    0         1536   
       x9c104.obj                    344    0         0      
       system_msp432p401r.obj        120    0         0      
    +--+-----------------------------+------+---------+---------+
       Total:                        2844   36        3104   
                                                             
    ./ccs/
       startup_msp432p401r_ccs.obj   14     228       0      
    +--+-----------------------------+------+---------+---------+
       Total:                        14     228       0      
                                                             
    /Applications/ti/ccsv7/tools/compiler/ti-cgt-arm_16.9.1.LTS/lib/rtsv7M4_T_le_v4SPD16_eabi.lib
       memcpy_t2.obj                 156    0         0      
       memset_t2.obj                 122    0         0      
       autoinit.obj                  112    0         0      
       exit.obj                      84     0         24     
       copy_decompress_lzss.obj      104    0         0      
       boot.obj                      84     0         0      
       cpy_tbl.obj                   76     0         0      
       _lock.obj                     20     0         16     
       args_main.obj                 24     0         0      
       copy_decompress_none.obj      14     0         0      
       copy_zero_init.obj            12     0         0      
       stkdepth_vars.obj             0      0         8      
       pre_init.obj                  4      0         0      
       mpu_init.obj                  2      0         0      
       startup.obj                   2      0         0      
    +--+-----------------------------+------+---------+---------+
       Total:                        816    0         48     
                                                             
    /Users/imac/ti/simplelink_msp432_sdk_1_40_01_00/source/ti/devices/msp432p4xx/driverlib/ccs/msp432p4xx_driverlib.lib
       gpio.obj                      80     48        0      
       cs.obj                        36     0         0      
    +--+-----------------------------+------+---------+---------+
       Total:                        116    48        0      
                                                             
       Stack:                        0      0         1024   
       Linker Generated:             0      57        0      
    +--+-----------------------------+------+---------+---------+
       Grand Total:                  3790   369       4176   


LINKER GENERATED COPY TABLES

__TI_cinit_table @ 00001038 records: 2, size/record: 8, table size: 16
	.data: load addr=00001008, load size=00000015 bytes, run addr=20000700, run size=00000024 bytes, compression=lzss
	.bss: load addr=00001030, load size=00000008 bytes, run addr=20000000, run size=00000700 bytes, compression=zero_init


LINKER GENERATED HANDLER TABLE

__TI_handler_table @ 00001020 records: 3, size/record: 4, table size: 12
	index: 0, handler: __TI_decompress_lzss
	index: 1, handler: __TI_decompress_none
	index: 2, handler: __TI_zero_init


GLOBAL SYMBOLS: SORTED ALPHABETICALLY BY Name 

address   name                           
-------   ----                           
00000ea3  ADC14_IRQHandler               
00000ea3  AES256_IRQHandler              
00000ea3  BusFault_Handler               
00000cd1  C$$EXIT                        
00000ea3  COMP_E0_IRQHandler             
00000ea3  COMP_E1_IRQHandler             
00000ea3  CS_IRQHandler                  
00000ea5  CS_setDCOCenteredFrequency     
00000ea3  DMA_ERR_IRQHandler             
00000ea3  DMA_INT0_IRQHandler            
000000e5  DMA_INT1_IRQHandler            
000000e5  DMA_INT1_IRQHandler            
00000ea3  DMA_INT2_IRQHandler            
00000ea3  DMA_INT3_IRQHandler            
00000ea3  DebugMon_Handler               
00000ea3  Default_Handler                
00000c1d  EUSCIA0_IRQHandler             
00000c1d  EUSCIA0_IRQHandler             
00000ea3  EUSCIA1_IRQHandler             
00000ea3  EUSCIA2_IRQHandler             
00000ea3  EUSCIA3_IRQHandler             
00000ea3  EUSCIB0_IRQHandler             
00000ea3  EUSCIB1_IRQHandler             
00000ea3  EUSCIB2_IRQHandler             
00000ea3  EUSCIB3_IRQHandler             
00000ea3  FLCTL_IRQHandler               
00000ea3  FPU_IRQHandler                 
00000ec9  GPIO_setAsOutputPin            
00000f5d  GPIO_setOutputHighOnPin        
00000f2d  GPIO_setOutputLowOnPin         
00000ea3  HardFault_Handler              
00000ea3  MemManage_Handler              
00000ea3  NMI_Handler                    
00000ea3  PCM_IRQHandler                 
00000ea3  PORT1_IRQHandler               
00000ea3  PORT2_IRQHandler               
00000ea3  PORT3_IRQHandler               
00000ea3  PORT4_IRQHandler               
00000ea3  PORT5_IRQHandler               
00000ea3  PORT6_IRQHandler               
00000ea3  PSS_IRQHandler                 
00000ea3  PendSV_Handler                 
00000ea3  RTC_C_IRQHandler               
00000f93  Reset_Handler                  
UNDEFED   SHT$$INIT_ARRAY$$Base          
UNDEFED   SHT$$INIT_ARRAY$$Limit         
00000ea3  SVC_Handler                    
00000ea3  SysTick_Handler                
00000acd  SystemInit                     
00000ea3  T32_INT1_IRQHandler            
00000ea3  T32_INT2_IRQHandler            
00000ea3  T32_INTC_IRQHandler            
00000ea3  TA0_0_IRQHandler               
00000ea3  TA0_N_IRQHandler               
00000ea3  TA1_0_IRQHandler               
00000ea3  TA1_N_IRQHandler               
00000ea3  TA2_0_IRQHandler               
00000ea3  TA2_N_IRQHandler               
00000ea3  TA3_0_IRQHandler               
00000ea3  TA3_N_IRQHandler               
00000ea3  UsageFault_Handler             
4000480c  WDTCTL_SYM                     
00000891  WDT_A_IRQHandler               
00000891  WDT_A_IRQHandler               
20010000  __STACK_END                    
00000200  __STACK_SIZE                   
00001038  __TI_CINIT_Base                
00001048  __TI_CINIT_Limit               
00001020  __TI_Handler_Table_Base        
0000102c  __TI_Handler_Table_Limit       
00000b45  __TI_auto_init                 
20000700  __TI_cleanup_ptr               
00000bb5  __TI_decompress_lzss           
00000f85  __TI_decompress_none           
20000704  __TI_dtors_ptr                 
20000708  __TI_enable_exit_profile_output
ffffffff  __TI_pprof_out_hndl            
ffffffff  __TI_prof_data_size            
ffffffff  __TI_prof_data_start           
00000000  __TI_static_base__             
00000f9f  __TI_zero_init                 
00000a53  __aeabi_memclr                 
00000a53  __aeabi_memclr4                
00000a53  __aeabi_memclr8                
00000931  __aeabi_memcpy                 
00000931  __aeabi_memcpy4                
00000931  __aeabi_memcpy8                
00000a55  __aeabi_memset                 
00000a55  __aeabi_memset4                
00000a55  __aeabi_memset8                
ffffffff  __binit__                      
ffffffff  __c_args__                     
00000faf  __mpu_init                     
2000fe00  __stack                        
00000f45  _args_main                     
00000c7d  _c_int00                       
20000718  _lock                          
00000f7f  _nop                           
00000f77  _register_lock                 
00000f71  _register_unlock               
00000fb1  _system_post_cinit             
00000fab  _system_pre_init               
2000071c  _unlock                        
00000cd5  abort                          
000003b5  adc_dma_init                   
ffffffff  binit                          
20000600  controlTable                   
00000d25  copy_in                        
20000710  counter                        
2000070d  data_collection_start          
2000070c  debug                          
00000cdd  exit                           
00000e7b  increment                      
00000000  interruptVectors               
00000605  main                           
20000720  main_func_sp                   
00000931  memcpy                         
00000a5b  memset                         
00000759  pinout_init                    
00000eed  potUp                          
00000df1  potentiometerstart             
000009cd  reset                          
00000e25  setPotValue                    
20000714  step_counter                   
00000e51  store                          
00000d71  timer_init                     
00000fe4  uartConfig                     
00000f0d  uart_putchar                   
00000db9  uart_puts                      


GLOBAL SYMBOLS: SORTED BY Symbol Address 

address   name                           
-------   ----                           
00000000  __TI_static_base__             
00000000  interruptVectors               
000000e5  DMA_INT1_IRQHandler            
000000e5  DMA_INT1_IRQHandler            
00000200  __STACK_SIZE                   
000003b5  adc_dma_init                   
00000605  main                           
00000759  pinout_init                    
00000891  WDT_A_IRQHandler               
00000891  WDT_A_IRQHandler               
00000931  __aeabi_memcpy                 
00000931  __aeabi_memcpy4                
00000931  __aeabi_memcpy8                
00000931  memcpy                         
000009cd  reset                          
00000a53  __aeabi_memclr                 
00000a53  __aeabi_memclr4                
00000a53  __aeabi_memclr8                
00000a55  __aeabi_memset                 
00000a55  __aeabi_memset4                
00000a55  __aeabi_memset8                
00000a5b  memset                         
00000acd  SystemInit                     
00000b45  __TI_auto_init                 
00000bb5  __TI_decompress_lzss           
00000c1d  EUSCIA0_IRQHandler             
00000c1d  EUSCIA0_IRQHandler             
00000c7d  _c_int00                       
00000cd1  C$$EXIT                        
00000cd5  abort                          
00000cdd  exit                           
00000d25  copy_in                        
00000d71  timer_init                     
00000db9  uart_puts                      
00000df1  potentiometerstart             
00000e25  setPotValue                    
00000e51  store                          
00000e7b  increment                      
00000ea3  ADC14_IRQHandler               
00000ea3  AES256_IRQHandler              
00000ea3  BusFault_Handler               
00000ea3  COMP_E0_IRQHandler             
00000ea3  COMP_E1_IRQHandler             
00000ea3  CS_IRQHandler                  
00000ea3  DMA_ERR_IRQHandler             
00000ea3  DMA_INT0_IRQHandler            
00000ea3  DMA_INT2_IRQHandler            
00000ea3  DMA_INT3_IRQHandler            
00000ea3  DebugMon_Handler               
00000ea3  Default_Handler                
00000ea3  EUSCIA1_IRQHandler             
00000ea3  EUSCIA2_IRQHandler             
00000ea3  EUSCIA3_IRQHandler             
00000ea3  EUSCIB0_IRQHandler             
00000ea3  EUSCIB1_IRQHandler             
00000ea3  EUSCIB2_IRQHandler             
00000ea3  EUSCIB3_IRQHandler             
00000ea3  FLCTL_IRQHandler               
00000ea3  FPU_IRQHandler                 
00000ea3  HardFault_Handler              
00000ea3  MemManage_Handler              
00000ea3  NMI_Handler                    
00000ea3  PCM_IRQHandler                 
00000ea3  PORT1_IRQHandler               
00000ea3  PORT2_IRQHandler               
00000ea3  PORT3_IRQHandler               
00000ea3  PORT4_IRQHandler               
00000ea3  PORT5_IRQHandler               
00000ea3  PORT6_IRQHandler               
00000ea3  PSS_IRQHandler                 
00000ea3  PendSV_Handler                 
00000ea3  RTC_C_IRQHandler               
00000ea3  SVC_Handler                    
00000ea3  SysTick_Handler                
00000ea3  T32_INT1_IRQHandler            
00000ea3  T32_INT2_IRQHandler            
00000ea3  T32_INTC_IRQHandler            
00000ea3  TA0_0_IRQHandler               
00000ea3  TA0_N_IRQHandler               
00000ea3  TA1_0_IRQHandler               
00000ea3  TA1_N_IRQHandler               
00000ea3  TA2_0_IRQHandler               
00000ea3  TA2_N_IRQHandler               
00000ea3  TA3_0_IRQHandler               
00000ea3  TA3_N_IRQHandler               
00000ea3  UsageFault_Handler             
00000ea5  CS_setDCOCenteredFrequency     
00000ec9  GPIO_setAsOutputPin            
00000eed  potUp                          
00000f0d  uart_putchar                   
00000f2d  GPIO_setOutputLowOnPin         
00000f45  _args_main                     
00000f5d  GPIO_setOutputHighOnPin        
00000f71  _register_unlock               
00000f77  _register_lock                 
00000f7f  _nop                           
00000f85  __TI_decompress_none           
00000f93  Reset_Handler                  
00000f9f  __TI_zero_init                 
00000fab  _system_pre_init               
00000faf  __mpu_init                     
00000fb1  _system_post_cinit             
00000fe4  uartConfig                     
00001020  __TI_Handler_Table_Base        
0000102c  __TI_Handler_Table_Limit       
00001038  __TI_CINIT_Base                
00001048  __TI_CINIT_Limit               
20000600  controlTable                   
20000700  __TI_cleanup_ptr               
20000704  __TI_dtors_ptr                 
20000708  __TI_enable_exit_profile_output
2000070c  debug                          
2000070d  data_collection_start          
20000710  counter                        
20000714  step_counter                   
20000718  _lock                          
2000071c  _unlock                        
20000720  main_func_sp                   
2000fe00  __stack                        
20010000  __STACK_END                    
4000480c  WDTCTL_SYM                     
ffffffff  __TI_pprof_out_hndl            
ffffffff  __TI_prof_data_size            
ffffffff  __TI_prof_data_start           
ffffffff  __binit__                      
ffffffff  __c_args__                     
ffffffff  binit                          
UNDEFED   SHT$$INIT_ARRAY$$Base          
UNDEFED   SHT$$INIT_ARRAY$$Limit         

[129 symbols]
