******************************************************************************
                  TI ARM Linker Unix v16.9.1                   
******************************************************************************
>> Linked Wed Jan  3 17:31:27 2018

OUTPUT FILE NAME:   <adc_dma_lpm3_multi_MSP_EXP432P401R.out>
ENTRY POINT SYMBOL: "_c_int00"  address: 00000b05


MEMORY CONFIGURATION

         name            origin    length      used     unused   attr    fill
----------------------  --------  ---------  --------  --------  ----  --------
  MAIN                  00000000   00040000  00000ece  0003f132  R  X
  INFO                  00200000   00004000  00000000  00004000  R  X
  SRAM_CODE             01000000   00010000  000005a8  0000fa58  RW X
  SRAM_DATA             20000000   00010000  000005a8  0000fa58  RW  


SEGMENT ALLOCATION MAP

run origin  load origin   length   init length attrs members
----------  ----------- ---------- ----------- ----- -------
00000000    00000000    00000ed0   00000ed0    r-x
  00000000    00000000    000000e4   000000e4    r-- .intvecs
  000000e4    000000e4    00000d56   00000d56    r-x .text
  00000e3c    00000e3c    00000054   00000054    r-- .const
  00000e90    00000e90    00000040   00000040    r-- .cinit
20000000    20000000    000003a8   00000000    rw-
  20000000    20000000    00000384   00000000    rw- .bss
  20000384    20000384    00000024   00000000    rw- .data
2000fe00    2000fe00    00000200   00000000    rw-
  2000fe00    2000fe00    00000200   00000000    rw- .stack


SECTION ALLOCATION MAP

 output                                  attributes/
section   page    origin      length       input sections
--------  ----  ----------  ----------   ----------------
.intvecs   0    00000000    000000e4     
                  00000000    000000e4     startup_msp432p401r_ccs.obj (.intvecs:retain)

.text      0    000000e4    00000d56     
                  000000e4    00000250     board_init.obj (.text:adc_dma_init)
                  00000334    000001f4     main.obj (.text:DMA_INT1_IRQHandler)
                  00000528    00000138     main.obj (.text:main)
                  00000660    00000124     board_init.obj (.text:pinout_init)
                  00000784    0000009c     rtsv7M4_T_le_v4SPD16_eabi.lib : memcpy_t2.obj (.text)
                  00000820    00000094     main.obj (.text:WDT_A_IRQHandler)
                  000008b4    00000086     x9c104.obj (.text:reset)
                  0000093a    0000007a     rtsv7M4_T_le_v4SPD16_eabi.lib : memset_t2.obj (.text)
                  000009b4    00000078     system_msp432p401r.obj (.text:SystemInit)
                  00000a2c    00000070     rtsv7M4_T_le_v4SPD16_eabi.lib : autoinit.obj (.text)
                  00000a9c    00000068                                   : copy_decompress_lzss.obj (.text:decompress:lzss)
                  00000b04    00000054                                   : boot.obj (.text)
                  00000b58    00000054                                   : exit.obj (.text)
                  00000bac    0000004c                                   : cpy_tbl.obj (.text)
                  00000bf8    00000048     board_init.obj (.text:timer_init)
                  00000c40    00000038     main.obj (.text:uart_puts)
                  00000c78    00000034     x9c104.obj (.text:potentiometerstart)
                  00000cac    0000002c     x9c104.obj (.text:setPotValue)
                  00000cd8    0000002a     x9c104.obj (.text:store)
                  00000d02    00000028     x9c104.obj (.text:increment)
                  00000d2a    00000002     startup_msp432p401r_ccs.obj (.text:Default_Handler)
                  00000d2c    00000024     msp432p4xx_driverlib.lib : cs.obj (.text:CS_setDCOCenteredFrequency)
                  00000d50    00000024                              : gpio.obj (.text:GPIO_setAsOutputPin)
                  00000d74    00000020     x9c104.obj (.text:potUp)
                  00000d94    00000020     main.obj (.text:uart_putchar)
                  00000db4    00000018     msp432p4xx_driverlib.lib : gpio.obj (.text:GPIO_setOutputLowOnPin)
                  00000dcc    00000018     rtsv7M4_T_le_v4SPD16_eabi.lib : args_main.obj (.text)
                  00000de4    00000014     msp432p4xx_driverlib.lib : gpio.obj (.text:GPIO_setOutputHighOnPin)
                  00000df8    00000014     rtsv7M4_T_le_v4SPD16_eabi.lib : _lock.obj (.text)
                  00000e0c    0000000e                                   : copy_decompress_none.obj (.text:decompress:none)
                  00000e1a    0000000c     startup_msp432p401r_ccs.obj (.text:Reset_Handler)
                  00000e26    0000000c     rtsv7M4_T_le_v4SPD16_eabi.lib : copy_zero_init.obj (.text:decompress:ZI)
                  00000e32    00000004                                   : pre_init.obj (.text)
                  00000e36    00000002                                   : mpu_init.obj (.text)
                  00000e38    00000002                                   : startup.obj (.text)

.const     0    00000e3c    00000054     
                  00000e3c    00000030     msp432p4xx_driverlib.lib : gpio.obj (.const:GPIO_PORT_TO_BASE)
                  00000e6c    00000024     main.obj (.const:uartConfig)

.cinit     0    00000e90    00000040     
                  00000e90    00000016     (.cinit..data.load) [load image, compression = lzss]
                  00000ea6    00000002     --HOLE-- [fill = 0]
                  00000ea8    0000000c     (__TI_handler_table)
                  00000eb4    00000004     --HOLE-- [fill = 0]
                  00000eb8    00000008     (.cinit..bss.load) [load image, compression = zero_init]
                  00000ec0    00000010     (__TI_cinit_table)

.init_array 
*          0    00000000    00000000     UNINITIALIZED

.binit     0    00000000    00000000     

.bss       0    20000000    00000384     UNINITIALIZED
                  20000000    00000100     board_init.obj (.bss:resultsBuffer)
                  20000100    00000100     main.obj (.bss:resultsBuffer)
                  20000200    00000100     (.common:controlTable)
                  20000300    00000084     main.obj (.bss:tx_buf)

.data      0    20000384    00000024     UNINITIALIZED
                  20000384    0000000c     rtsv7M4_T_le_v4SPD16_eabi.lib : exit.obj (.data:$O1$$)
                  20000390    0000000c     main.obj (.data)
                  2000039c    00000008     rtsv7M4_T_le_v4SPD16_eabi.lib : _lock.obj (.data:$O1$$)
                  200003a4    00000004                                   : stkdepth_vars.obj (.data)

.stack     0    2000fe00    00000200     UNINITIALIZED
                  2000fe00    00000200     --HOLE--

MODULE SUMMARY

       Module                        code   ro data   rw data
       ------                        ----   -------   -------
    ./
       board_init.obj                956    0         1024   
       main.obj                      1048   36        800    
       x9c104.obj                    344    0         0      
       system_msp432p401r.obj        120    0         0      
    +--+-----------------------------+------+---------+---------+
       Total:                        2468   36        1824   
                                                             
    ./ccs/
       startup_msp432p401r_ccs.obj   14     228       0      
    +--+-----------------------------+------+---------+---------+
       Total:                        14     228       0      
                                                             
    /Applications/ti/ccsv7/tools/compiler/ti-cgt-arm_16.9.1.LTS/lib/rtsv7M4_T_le_v4SPD16_eabi.lib
       memcpy_t2.obj                 156    0         0      
       memset_t2.obj                 122    0         0      
       autoinit.obj                  112    0         0      
       exit.obj                      84     0         24     
       copy_decompress_lzss.obj      104    0         0      
       boot.obj                      84     0         0      
       cpy_tbl.obj                   76     0         0      
       _lock.obj                     20     0         16     
       args_main.obj                 24     0         0      
       copy_decompress_none.obj      14     0         0      
       copy_zero_init.obj            12     0         0      
       stkdepth_vars.obj             0      0         8      
       pre_init.obj                  4      0         0      
       mpu_init.obj                  2      0         0      
       startup.obj                   2      0         0      
    +--+-----------------------------+------+---------+---------+
       Total:                        816    0         48     
                                                             
    /Users/imac/ti/simplelink_msp432_sdk_1_40_01_00/source/ti/devices/msp432p4xx/driverlib/ccs/msp432p4xx_driverlib.lib
       gpio.obj                      80     48        0      
       cs.obj                        36     0         0      
    +--+-----------------------------+------+---------+---------+
       Total:                        116    48        0      
                                                             
       Stack:                        0      0         1024   
       Linker Generated:             0      58        0      
    +--+-----------------------------+------+---------+---------+
       Grand Total:                  3414   370       2896   


LINKER GENERATED COPY TABLES

__TI_cinit_table @ 00000ec0 records: 2, size/record: 8, table size: 16
	.data: load addr=00000e90, load size=00000016 bytes, run addr=20000384, run size=00000024 bytes, compression=lzss
	.bss: load addr=00000eb8, load size=00000008 bytes, run addr=20000000, run size=00000384 bytes, compression=zero_init


LINKER GENERATED HANDLER TABLE

__TI_handler_table @ 00000ea8 records: 3, size/record: 4, table size: 12
	index: 0, handler: __TI_decompress_lzss
	index: 1, handler: __TI_decompress_none
	index: 2, handler: __TI_zero_init


GLOBAL SYMBOLS: SORTED ALPHABETICALLY BY Name 

address   name                           
-------   ----                           
00000d2b  ADC14_IRQHandler               
00000d2b  AES256_IRQHandler              
00000d2b  BusFault_Handler               
00000b59  C$$EXIT                        
00000d2b  COMP_E0_IRQHandler             
00000d2b  COMP_E1_IRQHandler             
00000d2b  CS_IRQHandler                  
00000d2d  CS_setDCOCenteredFrequency     
00000d2b  DMA_ERR_IRQHandler             
00000d2b  DMA_INT0_IRQHandler            
00000335  DMA_INT1_IRQHandler            
00000335  DMA_INT1_IRQHandler            
00000d2b  DMA_INT2_IRQHandler            
00000d2b  DMA_INT3_IRQHandler            
00000d2b  DebugMon_Handler               
00000d2b  Default_Handler                
00000d2b  EUSCIA0_IRQHandler             
00000d2b  EUSCIA1_IRQHandler             
00000d2b  EUSCIA2_IRQHandler             
00000d2b  EUSCIA3_IRQHandler             
00000d2b  EUSCIB0_IRQHandler             
00000d2b  EUSCIB1_IRQHandler             
00000d2b  EUSCIB2_IRQHandler             
00000d2b  EUSCIB3_IRQHandler             
00000d2b  FLCTL_IRQHandler               
00000d2b  FPU_IRQHandler                 
00000d51  GPIO_setAsOutputPin            
00000de5  GPIO_setOutputHighOnPin        
00000db5  GPIO_setOutputLowOnPin         
00000d2b  HardFault_Handler              
00000d2b  MemManage_Handler              
00000d2b  NMI_Handler                    
00000d2b  PCM_IRQHandler                 
00000d2b  PORT1_IRQHandler               
00000d2b  PORT2_IRQHandler               
00000d2b  PORT3_IRQHandler               
00000d2b  PORT4_IRQHandler               
00000d2b  PORT5_IRQHandler               
00000d2b  PORT6_IRQHandler               
00000d2b  PSS_IRQHandler                 
00000d2b  PendSV_Handler                 
00000d2b  RTC_C_IRQHandler               
00000e1b  Reset_Handler                  
UNDEFED   SHT$$INIT_ARRAY$$Base          
UNDEFED   SHT$$INIT_ARRAY$$Limit         
00000d2b  SVC_Handler                    
00000d2b  SysTick_Handler                
000009b5  SystemInit                     
00000d2b  T32_INT1_IRQHandler            
00000d2b  T32_INT2_IRQHandler            
00000d2b  T32_INTC_IRQHandler            
00000d2b  TA0_0_IRQHandler               
00000d2b  TA0_N_IRQHandler               
00000d2b  TA1_0_IRQHandler               
00000d2b  TA1_N_IRQHandler               
00000d2b  TA2_0_IRQHandler               
00000d2b  TA2_N_IRQHandler               
00000d2b  TA3_0_IRQHandler               
00000d2b  TA3_N_IRQHandler               
00000d2b  UsageFault_Handler             
4000480c  WDTCTL_SYM                     
00000821  WDT_A_IRQHandler               
00000821  WDT_A_IRQHandler               
20010000  __STACK_END                    
00000200  __STACK_SIZE                   
00000ec0  __TI_CINIT_Base                
00000ed0  __TI_CINIT_Limit               
00000ea8  __TI_Handler_Table_Base        
00000eb4  __TI_Handler_Table_Limit       
00000a2d  __TI_auto_init                 
20000384  __TI_cleanup_ptr               
00000a9d  __TI_decompress_lzss           
00000e0d  __TI_decompress_none           
20000388  __TI_dtors_ptr                 
2000038c  __TI_enable_exit_profile_output
ffffffff  __TI_pprof_out_hndl            
ffffffff  __TI_prof_data_size            
ffffffff  __TI_prof_data_start           
00000000  __TI_static_base__             
00000e27  __TI_zero_init                 
0000093b  __aeabi_memclr                 
0000093b  __aeabi_memclr4                
0000093b  __aeabi_memclr8                
00000785  __aeabi_memcpy                 
00000785  __aeabi_memcpy4                
00000785  __aeabi_memcpy8                
0000093d  __aeabi_memset                 
0000093d  __aeabi_memset4                
0000093d  __aeabi_memset8                
ffffffff  __binit__                      
ffffffff  __c_args__                     
00000e37  __mpu_init                     
2000fe00  __stack                        
00000dcd  _args_main                     
00000b05  _c_int00                       
2000039c  _lock                          
00000e07  _nop                           
00000dff  _register_lock                 
00000df9  _register_unlock               
00000e39  _system_post_cinit             
00000e33  _system_pre_init               
200003a0  _unlock                        
00000b5d  abort                          
000000e5  adc_dma_init                   
ffffffff  binit                          
20000200  controlTable                   
00000bad  copy_in                        
20000394  counter                        
20000390  debug                          
00000b65  exit                           
00000d03  increment                      
00000000  interruptVectors               
00000529  main                           
200003a4  main_func_sp                   
00000785  memcpy                         
00000943  memset                         
00000661  pinout_init                    
00000d75  potUp                          
00000c79  potentiometerstart             
000008b5  reset                          
00000cad  setPotValue                    
20000398  step_counter                   
00000cd9  store                          
00000bf9  timer_init                     
00000e6c  uartConfig                     
00000d95  uart_putchar                   
00000c41  uart_puts                      


GLOBAL SYMBOLS: SORTED BY Symbol Address 

address   name                           
-------   ----                           
00000000  __TI_static_base__             
00000000  interruptVectors               
000000e5  adc_dma_init                   
00000200  __STACK_SIZE                   
00000335  DMA_INT1_IRQHandler            
00000335  DMA_INT1_IRQHandler            
00000529  main                           
00000661  pinout_init                    
00000785  __aeabi_memcpy                 
00000785  __aeabi_memcpy4                
00000785  __aeabi_memcpy8                
00000785  memcpy                         
00000821  WDT_A_IRQHandler               
00000821  WDT_A_IRQHandler               
000008b5  reset                          
0000093b  __aeabi_memclr                 
0000093b  __aeabi_memclr4                
0000093b  __aeabi_memclr8                
0000093d  __aeabi_memset                 
0000093d  __aeabi_memset4                
0000093d  __aeabi_memset8                
00000943  memset                         
000009b5  SystemInit                     
00000a2d  __TI_auto_init                 
00000a9d  __TI_decompress_lzss           
00000b05  _c_int00                       
00000b59  C$$EXIT                        
00000b5d  abort                          
00000b65  exit                           
00000bad  copy_in                        
00000bf9  timer_init                     
00000c41  uart_puts                      
00000c79  potentiometerstart             
00000cad  setPotValue                    
00000cd9  store                          
00000d03  increment                      
00000d2b  ADC14_IRQHandler               
00000d2b  AES256_IRQHandler              
00000d2b  BusFault_Handler               
00000d2b  COMP_E0_IRQHandler             
00000d2b  COMP_E1_IRQHandler             
00000d2b  CS_IRQHandler                  
00000d2b  DMA_ERR_IRQHandler             
00000d2b  DMA_INT0_IRQHandler            
00000d2b  DMA_INT2_IRQHandler            
00000d2b  DMA_INT3_IRQHandler            
00000d2b  DebugMon_Handler               
00000d2b  Default_Handler                
00000d2b  EUSCIA0_IRQHandler             
00000d2b  EUSCIA1_IRQHandler             
00000d2b  EUSCIA2_IRQHandler             
00000d2b  EUSCIA3_IRQHandler             
00000d2b  EUSCIB0_IRQHandler             
00000d2b  EUSCIB1_IRQHandler             
00000d2b  EUSCIB2_IRQHandler             
00000d2b  EUSCIB3_IRQHandler             
00000d2b  FLCTL_IRQHandler               
00000d2b  FPU_IRQHandler                 
00000d2b  HardFault_Handler              
00000d2b  MemManage_Handler              
00000d2b  NMI_Handler                    
00000d2b  PCM_IRQHandler                 
00000d2b  PORT1_IRQHandler               
00000d2b  PORT2_IRQHandler               
00000d2b  PORT3_IRQHandler               
00000d2b  PORT4_IRQHandler               
00000d2b  PORT5_IRQHandler               
00000d2b  PORT6_IRQHandler               
00000d2b  PSS_IRQHandler                 
00000d2b  PendSV_Handler                 
00000d2b  RTC_C_IRQHandler               
00000d2b  SVC_Handler                    
00000d2b  SysTick_Handler                
00000d2b  T32_INT1_IRQHandler            
00000d2b  T32_INT2_IRQHandler            
00000d2b  T32_INTC_IRQHandler            
00000d2b  TA0_0_IRQHandler               
00000d2b  TA0_N_IRQHandler               
00000d2b  TA1_0_IRQHandler               
00000d2b  TA1_N_IRQHandler               
00000d2b  TA2_0_IRQHandler               
00000d2b  TA2_N_IRQHandler               
00000d2b  TA3_0_IRQHandler               
00000d2b  TA3_N_IRQHandler               
00000d2b  UsageFault_Handler             
00000d2d  CS_setDCOCenteredFrequency     
00000d51  GPIO_setAsOutputPin            
00000d75  potUp                          
00000d95  uart_putchar                   
00000db5  GPIO_setOutputLowOnPin         
00000dcd  _args_main                     
00000de5  GPIO_setOutputHighOnPin        
00000df9  _register_unlock               
00000dff  _register_lock                 
00000e07  _nop                           
00000e0d  __TI_decompress_none           
00000e1b  Reset_Handler                  
00000e27  __TI_zero_init                 
00000e33  _system_pre_init               
00000e37  __mpu_init                     
00000e39  _system_post_cinit             
00000e6c  uartConfig                     
00000ea8  __TI_Handler_Table_Base        
00000eb4  __TI_Handler_Table_Limit       
00000ec0  __TI_CINIT_Base                
00000ed0  __TI_CINIT_Limit               
20000200  controlTable                   
20000384  __TI_cleanup_ptr               
20000388  __TI_dtors_ptr                 
2000038c  __TI_enable_exit_profile_output
20000390  debug                          
20000394  counter                        
20000398  step_counter                   
2000039c  _lock                          
200003a0  _unlock                        
200003a4  main_func_sp                   
2000fe00  __stack                        
20010000  __STACK_END                    
4000480c  WDTCTL_SYM                     
ffffffff  __TI_pprof_out_hndl            
ffffffff  __TI_prof_data_size            
ffffffff  __TI_prof_data_start           
ffffffff  __binit__                      
ffffffff  __c_args__                     
ffffffff  binit                          
UNDEFED   SHT$$INIT_ARRAY$$Base          
UNDEFED   SHT$$INIT_ARRAY$$Limit         

[127 symbols]
