******************************************************************************
                  TI ARM Linker Unix v16.9.1                   
******************************************************************************
>> Linked Wed Jan 10 22:04:26 2018

OUTPUT FILE NAME:   <adc_dma_data_collector_MSP_EXP432P401R.out>
ENTRY POINT SYMBOL: "_c_int00"  address: 00000bd1


MEMORY CONFIGURATION

         name            origin    length      used     unused   attr    fill
----------------------  --------  ---------  --------  --------  ----  --------
  MAIN                  00000000   00040000  00000f9a  0003f066  R  X
  INFO                  00200000   00004000  00000000  00004000  R  X
  SRAM_CODE             01000000   00010000  000005ac  0000fa54  RW X
  SRAM_DATA             20000000   00010000  000005ac  0000fa54  RW  


SEGMENT ALLOCATION MAP

run origin  load origin   length   init length attrs members
----------  ----------- ---------- ----------- ----- -------
00000000    00000000    00000fa0   00000fa0    r-x
  00000000    00000000    000000e4   000000e4    r-- .intvecs
  000000e4    000000e4    00000e22   00000e22    r-x .text
  00000f08    00000f08    00000054   00000054    r-- .const
  00000f60    00000f60    00000040   00000040    r-- .cinit
20000000    20000000    000003ac   00000000    rw-
  20000000    20000000    00000384   00000000    rw- .bss
  20000384    20000384    00000028   00000000    rw- .data
2000fe00    2000fe00    00000200   00000000    rw-
  2000fe00    2000fe00    00000200   00000000    rw- .stack


SECTION ALLOCATION MAP

 output                                  attributes/
section   page    origin      length       input sections
--------  ----  ----------  ----------   ----------------
.intvecs   0    00000000    000000e4     
                  00000000    000000e4     startup_msp432p401r_ccs.obj (.intvecs:retain)

.text      0    000000e4    00000e22     
                  000000e4    00000250     board_init.obj (.text:adc_dma_init)
                  00000334    00000228     main.obj (.text:DMA_INT1_IRQHandler)
                  0000055c    00000164     main.obj (.text:main)
                  000006c0    00000124     board_init.obj (.text:pinout_init)
                  000007e4    000000a0     main.obj (.text:WDT_A_IRQHandler)
                  00000884    0000009c     rtsv7M4_T_le_v4SPD16_eabi.lib : memcpy_t2.obj (.text)
                  00000920    00000086     x9c104.obj (.text:reset)
                  000009a6    0000007a     rtsv7M4_T_le_v4SPD16_eabi.lib : memset_t2.obj (.text)
                  00000a20    00000078     system_msp432p401r.obj (.text:SystemInit)
                  00000a98    00000070     rtsv7M4_T_le_v4SPD16_eabi.lib : autoinit.obj (.text)
                  00000b08    00000068                                   : copy_decompress_lzss.obj (.text:decompress:lzss)
                  00000b70    00000060     main.obj (.text:EUSCIA0_IRQHandler)
                  00000bd0    00000054     rtsv7M4_T_le_v4SPD16_eabi.lib : boot.obj (.text)
                  00000c24    00000054                                   : exit.obj (.text)
                  00000c78    0000004c                                   : cpy_tbl.obj (.text)
                  00000cc4    00000048     board_init.obj (.text:timer_init)
                  00000d0c    00000038     main.obj (.text:uart_puts)
                  00000d44    00000034     x9c104.obj (.text:potentiometerstart)
                  00000d78    0000002c     x9c104.obj (.text:setPotValue)
                  00000da4    0000002a     x9c104.obj (.text:store)
                  00000dce    00000028     x9c104.obj (.text:increment)
                  00000df6    00000002     startup_msp432p401r_ccs.obj (.text:Default_Handler)
                  00000df8    00000024     msp432p4xx_driverlib.lib : cs.obj (.text:CS_setDCOCenteredFrequency)
                  00000e1c    00000024                              : gpio.obj (.text:GPIO_setAsOutputPin)
                  00000e40    00000020     x9c104.obj (.text:potUp)
                  00000e60    00000020     main.obj (.text:uart_putchar)
                  00000e80    00000018     msp432p4xx_driverlib.lib : gpio.obj (.text:GPIO_setOutputLowOnPin)
                  00000e98    00000018     rtsv7M4_T_le_v4SPD16_eabi.lib : args_main.obj (.text)
                  00000eb0    00000014     msp432p4xx_driverlib.lib : gpio.obj (.text:GPIO_setOutputHighOnPin)
                  00000ec4    00000014     rtsv7M4_T_le_v4SPD16_eabi.lib : _lock.obj (.text)
                  00000ed8    0000000e                                   : copy_decompress_none.obj (.text:decompress:none)
                  00000ee6    0000000c     startup_msp432p401r_ccs.obj (.text:Reset_Handler)
                  00000ef2    0000000c     rtsv7M4_T_le_v4SPD16_eabi.lib : copy_zero_init.obj (.text:decompress:ZI)
                  00000efe    00000004                                   : pre_init.obj (.text)
                  00000f02    00000002                                   : mpu_init.obj (.text)
                  00000f04    00000002                                   : startup.obj (.text)

.const     0    00000f08    00000054     
                  00000f08    00000030     msp432p4xx_driverlib.lib : gpio.obj (.const:GPIO_PORT_TO_BASE)
                  00000f38    00000024     main.obj (.const:uartConfig)

.cinit     0    00000f60    00000040     
                  00000f60    00000016     (.cinit..data.load) [load image, compression = lzss]
                  00000f76    00000002     --HOLE-- [fill = 0]
                  00000f78    0000000c     (__TI_handler_table)
                  00000f84    00000004     --HOLE-- [fill = 0]
                  00000f88    00000008     (.cinit..bss.load) [load image, compression = zero_init]
                  00000f90    00000010     (__TI_cinit_table)

.init_array 
*          0    00000000    00000000     UNINITIALIZED

.binit     0    00000000    00000000     

.bss       0    20000000    00000384     UNINITIALIZED
                  20000000    00000100     board_init.obj (.bss:resultsBuffer)
                  20000100    00000100     main.obj (.bss:resultsBuffer)
                  20000200    00000100     (.common:controlTable)
                  20000300    00000084     main.obj (.bss:tx_buf)

.data      0    20000384    00000028     UNINITIALIZED
                  20000384    00000010     main.obj (.data)
                  20000394    0000000c     rtsv7M4_T_le_v4SPD16_eabi.lib : exit.obj (.data:$O1$$)
                  200003a0    00000008                                   : _lock.obj (.data:$O1$$)
                  200003a8    00000004                                   : stkdepth_vars.obj (.data)

.stack     0    2000fe00    00000200     UNINITIALIZED
                  2000fe00    00000200     --HOLE--

MODULE SUMMARY

       Module                        code   ro data   rw data
       ------                        ----   -------   -------
    ./
       main.obj                      1252   36        808    
       board_init.obj                956    0         1024   
       x9c104.obj                    344    0         0      
       system_msp432p401r.obj        120    0         0      
    +--+-----------------------------+------+---------+---------+
       Total:                        2672   36        1832   
                                                             
    ./ccs/
       startup_msp432p401r_ccs.obj   14     228       0      
    +--+-----------------------------+------+---------+---------+
       Total:                        14     228       0      
                                                             
    /Applications/ti/ccsv7/tools/compiler/ti-cgt-arm_16.9.1.LTS/lib/rtsv7M4_T_le_v4SPD16_eabi.lib
       memcpy_t2.obj                 156    0         0      
       memset_t2.obj                 122    0         0      
       autoinit.obj                  112    0         0      
       exit.obj                      84     0         24     
       copy_decompress_lzss.obj      104    0         0      
       boot.obj                      84     0         0      
       cpy_tbl.obj                   76     0         0      
       _lock.obj                     20     0         16     
       args_main.obj                 24     0         0      
       copy_decompress_none.obj      14     0         0      
       copy_zero_init.obj            12     0         0      
       stkdepth_vars.obj             0      0         8      
       pre_init.obj                  4      0         0      
       mpu_init.obj                  2      0         0      
       startup.obj                   2      0         0      
    +--+-----------------------------+------+---------+---------+
       Total:                        816    0         48     
                                                             
    /Users/imac/ti/simplelink_msp432_sdk_1_40_01_00/source/ti/devices/msp432p4xx/driverlib/ccs/msp432p4xx_driverlib.lib
       gpio.obj                      80     48        0      
       cs.obj                        36     0         0      
    +--+-----------------------------+------+---------+---------+
       Total:                        116    48        0      
                                                             
       Stack:                        0      0         1024   
       Linker Generated:             0      58        0      
    +--+-----------------------------+------+---------+---------+
       Grand Total:                  3618   370       2904   


LINKER GENERATED COPY TABLES

__TI_cinit_table @ 00000f90 records: 2, size/record: 8, table size: 16
	.data: load addr=00000f60, load size=00000016 bytes, run addr=20000384, run size=00000028 bytes, compression=lzss
	.bss: load addr=00000f88, load size=00000008 bytes, run addr=20000000, run size=00000384 bytes, compression=zero_init


LINKER GENERATED HANDLER TABLE

__TI_handler_table @ 00000f78 records: 3, size/record: 4, table size: 12
	index: 0, handler: __TI_decompress_lzss
	index: 1, handler: __TI_decompress_none
	index: 2, handler: __TI_zero_init


GLOBAL SYMBOLS: SORTED ALPHABETICALLY BY Name 

address   name                           
-------   ----                           
00000df7  ADC14_IRQHandler               
00000df7  AES256_IRQHandler              
00000df7  BusFault_Handler               
00000c25  C$$EXIT                        
00000df7  COMP_E0_IRQHandler             
00000df7  COMP_E1_IRQHandler             
00000df7  CS_IRQHandler                  
00000df9  CS_setDCOCenteredFrequency     
00000df7  DMA_ERR_IRQHandler             
00000df7  DMA_INT0_IRQHandler            
00000335  DMA_INT1_IRQHandler            
00000335  DMA_INT1_IRQHandler            
00000df7  DMA_INT2_IRQHandler            
00000df7  DMA_INT3_IRQHandler            
00000df7  DebugMon_Handler               
00000df7  Default_Handler                
00000b71  EUSCIA0_IRQHandler             
00000b71  EUSCIA0_IRQHandler             
00000df7  EUSCIA1_IRQHandler             
00000df7  EUSCIA2_IRQHandler             
00000df7  EUSCIA3_IRQHandler             
00000df7  EUSCIB0_IRQHandler             
00000df7  EUSCIB1_IRQHandler             
00000df7  EUSCIB2_IRQHandler             
00000df7  EUSCIB3_IRQHandler             
00000df7  FLCTL_IRQHandler               
00000df7  FPU_IRQHandler                 
00000e1d  GPIO_setAsOutputPin            
00000eb1  GPIO_setOutputHighOnPin        
00000e81  GPIO_setOutputLowOnPin         
00000df7  HardFault_Handler              
00000df7  MemManage_Handler              
00000df7  NMI_Handler                    
00000df7  PCM_IRQHandler                 
00000df7  PORT1_IRQHandler               
00000df7  PORT2_IRQHandler               
00000df7  PORT3_IRQHandler               
00000df7  PORT4_IRQHandler               
00000df7  PORT5_IRQHandler               
00000df7  PORT6_IRQHandler               
00000df7  PSS_IRQHandler                 
00000df7  PendSV_Handler                 
00000df7  RTC_C_IRQHandler               
00000ee7  Reset_Handler                  
UNDEFED   SHT$$INIT_ARRAY$$Base          
UNDEFED   SHT$$INIT_ARRAY$$Limit         
00000df7  SVC_Handler                    
00000df7  SysTick_Handler                
00000a21  SystemInit                     
00000df7  T32_INT1_IRQHandler            
00000df7  T32_INT2_IRQHandler            
00000df7  T32_INTC_IRQHandler            
00000df7  TA0_0_IRQHandler               
00000df7  TA0_N_IRQHandler               
00000df7  TA1_0_IRQHandler               
00000df7  TA1_N_IRQHandler               
00000df7  TA2_0_IRQHandler               
00000df7  TA2_N_IRQHandler               
00000df7  TA3_0_IRQHandler               
00000df7  TA3_N_IRQHandler               
00000df7  UsageFault_Handler             
4000480c  WDTCTL_SYM                     
000007e5  WDT_A_IRQHandler               
000007e5  WDT_A_IRQHandler               
20010000  __STACK_END                    
00000200  __STACK_SIZE                   
00000f90  __TI_CINIT_Base                
00000fa0  __TI_CINIT_Limit               
00000f78  __TI_Handler_Table_Base        
00000f84  __TI_Handler_Table_Limit       
00000a99  __TI_auto_init                 
20000394  __TI_cleanup_ptr               
00000b09  __TI_decompress_lzss           
00000ed9  __TI_decompress_none           
20000398  __TI_dtors_ptr                 
2000039c  __TI_enable_exit_profile_output
ffffffff  __TI_pprof_out_hndl            
ffffffff  __TI_prof_data_size            
ffffffff  __TI_prof_data_start           
00000000  __TI_static_base__             
00000ef3  __TI_zero_init                 
000009a7  __aeabi_memclr                 
000009a7  __aeabi_memclr4                
000009a7  __aeabi_memclr8                
00000885  __aeabi_memcpy                 
00000885  __aeabi_memcpy4                
00000885  __aeabi_memcpy8                
000009a9  __aeabi_memset                 
000009a9  __aeabi_memset4                
000009a9  __aeabi_memset8                
ffffffff  __binit__                      
ffffffff  __c_args__                     
00000f03  __mpu_init                     
2000fe00  __stack                        
00000e99  _args_main                     
00000bd1  _c_int00                       
200003a0  _lock                          
00000ed3  _nop                           
00000ecb  _register_lock                 
00000ec5  _register_unlock               
00000f05  _system_post_cinit             
00000eff  _system_pre_init               
200003a4  _unlock                        
00000c29  abort                          
000000e5  adc_dma_init                   
ffffffff  binit                          
20000200  controlTable                   
00000c79  copy_in                        
20000388  counter                        
20000385  data_collection_start          
20000384  debug                          
00000c31  exit                           
00000dcf  increment                      
00000000  interruptVectors               
0000055d  main                           
200003a8  main_func_sp                   
00000885  memcpy                         
000009af  memset                         
000006c1  pinout_init                    
00000e41  potUp                          
00000d45  potentiometerstart             
00000921  reset                          
20000390  sequence_index                 
00000d79  setPotValue                    
2000038c  step_counter                   
00000da5  store                          
00000cc5  timer_init                     
00000f38  uartConfig                     
00000e61  uart_putchar                   
00000d0d  uart_puts                      


GLOBAL SYMBOLS: SORTED BY Symbol Address 

address   name                           
-------   ----                           
00000000  __TI_static_base__             
00000000  interruptVectors               
000000e5  adc_dma_init                   
00000200  __STACK_SIZE                   
00000335  DMA_INT1_IRQHandler            
00000335  DMA_INT1_IRQHandler            
0000055d  main                           
000006c1  pinout_init                    
000007e5  WDT_A_IRQHandler               
000007e5  WDT_A_IRQHandler               
00000885  __aeabi_memcpy                 
00000885  __aeabi_memcpy4                
00000885  __aeabi_memcpy8                
00000885  memcpy                         
00000921  reset                          
000009a7  __aeabi_memclr                 
000009a7  __aeabi_memclr4                
000009a7  __aeabi_memclr8                
000009a9  __aeabi_memset                 
000009a9  __aeabi_memset4                
000009a9  __aeabi_memset8                
000009af  memset                         
00000a21  SystemInit                     
00000a99  __TI_auto_init                 
00000b09  __TI_decompress_lzss           
00000b71  EUSCIA0_IRQHandler             
00000b71  EUSCIA0_IRQHandler             
00000bd1  _c_int00                       
00000c25  C$$EXIT                        
00000c29  abort                          
00000c31  exit                           
00000c79  copy_in                        
00000cc5  timer_init                     
00000d0d  uart_puts                      
00000d45  potentiometerstart             
00000d79  setPotValue                    
00000da5  store                          
00000dcf  increment                      
00000df7  ADC14_IRQHandler               
00000df7  AES256_IRQHandler              
00000df7  BusFault_Handler               
00000df7  COMP_E0_IRQHandler             
00000df7  COMP_E1_IRQHandler             
00000df7  CS_IRQHandler                  
00000df7  DMA_ERR_IRQHandler             
00000df7  DMA_INT0_IRQHandler            
00000df7  DMA_INT2_IRQHandler            
00000df7  DMA_INT3_IRQHandler            
00000df7  DebugMon_Handler               
00000df7  Default_Handler                
00000df7  EUSCIA1_IRQHandler             
00000df7  EUSCIA2_IRQHandler             
00000df7  EUSCIA3_IRQHandler             
00000df7  EUSCIB0_IRQHandler             
00000df7  EUSCIB1_IRQHandler             
00000df7  EUSCIB2_IRQHandler             
00000df7  EUSCIB3_IRQHandler             
00000df7  FLCTL_IRQHandler               
00000df7  FPU_IRQHandler                 
00000df7  HardFault_Handler              
00000df7  MemManage_Handler              
00000df7  NMI_Handler                    
00000df7  PCM_IRQHandler                 
00000df7  PORT1_IRQHandler               
00000df7  PORT2_IRQHandler               
00000df7  PORT3_IRQHandler               
00000df7  PORT4_IRQHandler               
00000df7  PORT5_IRQHandler               
00000df7  PORT6_IRQHandler               
00000df7  PSS_IRQHandler                 
00000df7  PendSV_Handler                 
00000df7  RTC_C_IRQHandler               
00000df7  SVC_Handler                    
00000df7  SysTick_Handler                
00000df7  T32_INT1_IRQHandler            
00000df7  T32_INT2_IRQHandler            
00000df7  T32_INTC_IRQHandler            
00000df7  TA0_0_IRQHandler               
00000df7  TA0_N_IRQHandler               
00000df7  TA1_0_IRQHandler               
00000df7  TA1_N_IRQHandler               
00000df7  TA2_0_IRQHandler               
00000df7  TA2_N_IRQHandler               
00000df7  TA3_0_IRQHandler               
00000df7  TA3_N_IRQHandler               
00000df7  UsageFault_Handler             
00000df9  CS_setDCOCenteredFrequency     
00000e1d  GPIO_setAsOutputPin            
00000e41  potUp                          
00000e61  uart_putchar                   
00000e81  GPIO_setOutputLowOnPin         
00000e99  _args_main                     
00000eb1  GPIO_setOutputHighOnPin        
00000ec5  _register_unlock               
00000ecb  _register_lock                 
00000ed3  _nop                           
00000ed9  __TI_decompress_none           
00000ee7  Reset_Handler                  
00000ef3  __TI_zero_init                 
00000eff  _system_pre_init               
00000f03  __mpu_init                     
00000f05  _system_post_cinit             
00000f38  uartConfig                     
00000f78  __TI_Handler_Table_Base        
00000f84  __TI_Handler_Table_Limit       
00000f90  __TI_CINIT_Base                
00000fa0  __TI_CINIT_Limit               
20000200  controlTable                   
20000384  debug                          
20000385  data_collection_start          
20000388  counter                        
2000038c  step_counter                   
20000390  sequence_index                 
20000394  __TI_cleanup_ptr               
20000398  __TI_dtors_ptr                 
2000039c  __TI_enable_exit_profile_output
200003a0  _lock                          
200003a4  _unlock                        
200003a8  main_func_sp                   
2000fe00  __stack                        
20010000  __STACK_END                    
4000480c  WDTCTL_SYM                     
ffffffff  __TI_pprof_out_hndl            
ffffffff  __TI_prof_data_size            
ffffffff  __TI_prof_data_start           
ffffffff  __binit__                      
ffffffff  __c_args__                     
ffffffff  binit                          
UNDEFED   SHT$$INIT_ARRAY$$Base          
UNDEFED   SHT$$INIT_ARRAY$$Limit         

[130 symbols]
