******************************************************************************
                  TI ARM Linker Unix v16.9.1                   
******************************************************************************
>> Linked Sat Mar 10 17:44:19 2018

OUTPUT FILE NAME:   <adc_dma_data_6led_compact_MSP_EXP432P401R.out>
ENTRY POINT SYMBOL: "_c_int00"  address: 00000b85


MEMORY CONFIGURATION

         name            origin    length      used     unused   attr    fill
----------------------  --------  ---------  --------  --------  ----  --------
  MAIN                  00000000   00040000  00000e7a  0003f186  R  X
  INFO                  00200000   00004000  00000000  00004000  R  X
  SRAM_CODE             01000000   00010000  00000528  0000fad8  RW X
  SRAM_DATA             20000000   00010000  00000528  0000fad8  RW  


SEGMENT ALLOCATION MAP

run origin  load origin   length   init length attrs members
----------  ----------- ---------- ----------- ----- -------
00000000    00000000    00000e80   00000e80    r-x
  00000000    00000000    000000e4   000000e4    r-- .intvecs
  000000e4    000000e4    00000d02   00000d02    r-x .text
  00000de8    00000de8    00000054   00000054    r-- .const
  00000e40    00000e40    00000040   00000040    r-- .cinit
20000000    20000000    00000328   00000000    rw-
  20000000    20000000    00000300   00000000    rw- .bss
  20000300    20000300    00000028   00000000    rw- .data
2000fe00    2000fe00    00000200   00000000    rw-
  2000fe00    2000fe00    00000200   00000000    rw- .stack


SECTION ALLOCATION MAP

 output                                  attributes/
section   page    origin      length       input sections
--------  ----  ----------  ----------   ----------------
.intvecs   0    00000000    000000e4     
                  00000000    000000e4     startup_msp432p401r_ccs.obj (.intvecs:retain)

.text      0    000000e4    00000d02     
                  000000e4    00000300     main.obj (.text:DMA_INT1_IRQHandler)
                  000003e4    0000015c     board_init.obj (.text:pinout_init)
                  00000540    0000014c     board_init.obj (.text:adc_dma_init)
                  0000068c    000000a4     board_init.obj (.text:clock_init)
                  00000730    000000a0     main.obj (.text:WDT_A_IRQHandler)
                  000007d0    0000009c     rtsv7M4_T_le_v4SPD16_eabi.lib : memcpy_t2.obj (.text)
                  0000086c    00000080     main.obj (.text:main)
                  000008ec    0000007a     rtsv7M4_T_le_v4SPD16_eabi.lib : memset_t2.obj (.text)
                  00000966    00000002     startup_msp432p401r_ccs.obj (.text:Default_Handler)
                  00000968    00000078     system_msp432p401r.obj (.text:SystemInit)
                  000009e0    00000070     rtsv7M4_T_le_v4SPD16_eabi.lib : autoinit.obj (.text)
                  00000a50    0000006c     board_init.obj (.text:uart_init)
                  00000abc    00000068     rtsv7M4_T_le_v4SPD16_eabi.lib : copy_decompress_lzss.obj (.text:decompress:lzss)
                  00000b24    00000060     main.obj (.text:EUSCIA0_IRQHandler)
                  00000b84    00000054     rtsv7M4_T_le_v4SPD16_eabi.lib : boot.obj (.text)
                  00000bd8    00000054                                   : exit.obj (.text)
                  00000c2c    0000004c                                   : cpy_tbl.obj (.text)
                  00000c78    00000048     board_init.obj (.text:timer_init)
                  00000cc0    00000038     board_init.obj (.text:uart_puts)
                  00000cf8    00000024     msp432p4xx_driverlib.lib : cs.obj (.text:CS_setDCOCenteredFrequency)
                  00000d1c    00000024                              : gpio.obj (.text:GPIO_setAsOutputPin)
                  00000d40    00000020     board_init.obj (.text:uart_putchar)
                  00000d60    00000018     msp432p4xx_driverlib.lib : gpio.obj (.text:GPIO_setOutputLowOnPin)
                  00000d78    00000018     rtsv7M4_T_le_v4SPD16_eabi.lib : args_main.obj (.text)
                  00000d90    00000014     msp432p4xx_driverlib.lib : gpio.obj (.text:GPIO_setOutputHighOnPin)
                  00000da4    00000014     rtsv7M4_T_le_v4SPD16_eabi.lib : _lock.obj (.text)
                  00000db8    0000000e                                   : copy_decompress_none.obj (.text:decompress:none)
                  00000dc6    0000000c     startup_msp432p401r_ccs.obj (.text:Reset_Handler)
                  00000dd2    0000000c     rtsv7M4_T_le_v4SPD16_eabi.lib : copy_zero_init.obj (.text:decompress:ZI)
                  00000dde    00000004                                   : pre_init.obj (.text)
                  00000de2    00000002                                   : mpu_init.obj (.text)
                  00000de4    00000002                                   : startup.obj (.text)

.const     0    00000de8    00000054     
                  00000de8    00000030     msp432p4xx_driverlib.lib : gpio.obj (.const:GPIO_PORT_TO_BASE)
                  00000e18    00000024     main.obj (.const:uartConfig)

.cinit     0    00000e40    00000040     
                  00000e40    00000016     (.cinit..data.load) [load image, compression = lzss]
                  00000e56    00000002     --HOLE-- [fill = 0]
                  00000e58    0000000c     (__TI_handler_table)
                  00000e64    00000004     --HOLE-- [fill = 0]
                  00000e68    00000008     (.cinit..bss.load) [load image, compression = zero_init]
                  00000e70    00000010     (__TI_cinit_table)

.init_array 
*          0    00000000    00000000     UNINITIALIZED

.binit     0    00000000    00000000     

.bss       0    20000000    00000300     UNINITIALIZED
                  20000000    00000120     main.obj (.bss:resultsBuffer)
                  20000120    00000094     main.obj (.bss:tx_buf)
                  200001b4    0000004c     --HOLE--
                  20000200    00000100     (.common:controlTable)

.data      0    20000300    00000028     UNINITIALIZED
                  20000300    00000010     main.obj (.data)
                  20000310    0000000c     rtsv7M4_T_le_v4SPD16_eabi.lib : exit.obj (.data:$O1$$)
                  2000031c    00000008                                   : _lock.obj (.data:$O1$$)
                  20000324    00000004                                   : stkdepth_vars.obj (.data)

.stack     0    2000fe00    00000200     UNINITIALIZED
                  2000fe00    00000200     --HOLE--

MODULE SUMMARY

       Module                        code   ro data   rw data
       ------                        ----   -------   -------
    ./
       main.obj                      1152   36        904    
       board_init.obj                1112   0         512    
       system_msp432p401r.obj        120    0         0      
    +--+-----------------------------+------+---------+---------+
       Total:                        2384   36        1416   
                                                             
    ./ccs/
       startup_msp432p401r_ccs.obj   14     228       0      
    +--+-----------------------------+------+---------+---------+
       Total:                        14     228       0      
                                                             
    /Applications/ti/ccsv7/tools/compiler/ti-cgt-arm_16.9.1.LTS/lib/rtsv7M4_T_le_v4SPD16_eabi.lib
       memcpy_t2.obj                 156    0         0      
       memset_t2.obj                 122    0         0      
       autoinit.obj                  112    0         0      
       exit.obj                      84     0         24     
       copy_decompress_lzss.obj      104    0         0      
       boot.obj                      84     0         0      
       cpy_tbl.obj                   76     0         0      
       _lock.obj                     20     0         16     
       args_main.obj                 24     0         0      
       copy_decompress_none.obj      14     0         0      
       copy_zero_init.obj            12     0         0      
       stkdepth_vars.obj             0      0         8      
       pre_init.obj                  4      0         0      
       mpu_init.obj                  2      0         0      
       startup.obj                   2      0         0      
    +--+-----------------------------+------+---------+---------+
       Total:                        816    0         48     
                                                             
    /Users/imac/ti/simplelink_msp432_sdk_1_40_01_00/source/ti/devices/msp432p4xx/driverlib/ccs/msp432p4xx_driverlib.lib
       gpio.obj                      80     48        0      
       cs.obj                        36     0         0      
    +--+-----------------------------+------+---------+---------+
       Total:                        116    48        0      
                                                             
       Stack:                        0      0         1024   
       Linker Generated:             0      58        0      
    +--+-----------------------------+------+---------+---------+
       Grand Total:                  3330   370       2488   


LINKER GENERATED COPY TABLES

__TI_cinit_table @ 00000e70 records: 2, size/record: 8, table size: 16
	.data: load addr=00000e40, load size=00000016 bytes, run addr=20000300, run size=00000028 bytes, compression=lzss
	.bss: load addr=00000e68, load size=00000008 bytes, run addr=20000000, run size=00000300 bytes, compression=zero_init


LINKER GENERATED HANDLER TABLE

__TI_handler_table @ 00000e58 records: 3, size/record: 4, table size: 12
	index: 0, handler: __TI_decompress_lzss
	index: 1, handler: __TI_decompress_none
	index: 2, handler: __TI_zero_init


GLOBAL SYMBOLS: SORTED ALPHABETICALLY BY Name 

address   name                           
-------   ----                           
00000967  ADC14_IRQHandler               
00000967  AES256_IRQHandler              
00000967  BusFault_Handler               
00000bd9  C$$EXIT                        
00000967  COMP_E0_IRQHandler             
00000967  COMP_E1_IRQHandler             
00000967  CS_IRQHandler                  
00000cf9  CS_setDCOCenteredFrequency     
00000967  DMA_ERR_IRQHandler             
00000967  DMA_INT0_IRQHandler            
000000e5  DMA_INT1_IRQHandler            
000000e5  DMA_INT1_IRQHandler            
00000967  DMA_INT2_IRQHandler            
00000967  DMA_INT3_IRQHandler            
00000967  DebugMon_Handler               
00000967  Default_Handler                
00000b25  EUSCIA0_IRQHandler             
00000b25  EUSCIA0_IRQHandler             
00000967  EUSCIA1_IRQHandler             
00000967  EUSCIA2_IRQHandler             
00000967  EUSCIA3_IRQHandler             
00000967  EUSCIB0_IRQHandler             
00000967  EUSCIB1_IRQHandler             
00000967  EUSCIB2_IRQHandler             
00000967  EUSCIB3_IRQHandler             
00000967  FLCTL_IRQHandler               
00000967  FPU_IRQHandler                 
00000d1d  GPIO_setAsOutputPin            
00000d91  GPIO_setOutputHighOnPin        
00000d61  GPIO_setOutputLowOnPin         
00000967  HardFault_Handler              
00000967  MemManage_Handler              
00000967  NMI_Handler                    
00000967  PCM_IRQHandler                 
00000967  PORT1_IRQHandler               
00000967  PORT2_IRQHandler               
00000967  PORT3_IRQHandler               
00000967  PORT4_IRQHandler               
00000967  PORT5_IRQHandler               
00000967  PORT6_IRQHandler               
00000967  PSS_IRQHandler                 
00000967  PendSV_Handler                 
00000967  RTC_C_IRQHandler               
00000dc7  Reset_Handler                  
UNDEFED   SHT$$INIT_ARRAY$$Base          
UNDEFED   SHT$$INIT_ARRAY$$Limit         
00000967  SVC_Handler                    
00000967  SysTick_Handler                
00000969  SystemInit                     
00000967  T32_INT1_IRQHandler            
00000967  T32_INT2_IRQHandler            
00000967  T32_INTC_IRQHandler            
00000967  TA0_0_IRQHandler               
00000967  TA0_N_IRQHandler               
00000967  TA1_0_IRQHandler               
00000967  TA1_N_IRQHandler               
00000967  TA2_0_IRQHandler               
00000967  TA2_N_IRQHandler               
00000967  TA3_0_IRQHandler               
00000967  TA3_N_IRQHandler               
00000967  UsageFault_Handler             
4000480c  WDTCTL_SYM                     
00000731  WDT_A_IRQHandler               
00000731  WDT_A_IRQHandler               
20010000  __STACK_END                    
00000200  __STACK_SIZE                   
00000e70  __TI_CINIT_Base                
00000e80  __TI_CINIT_Limit               
00000e58  __TI_Handler_Table_Base        
00000e64  __TI_Handler_Table_Limit       
000009e1  __TI_auto_init                 
20000310  __TI_cleanup_ptr               
00000abd  __TI_decompress_lzss           
00000db9  __TI_decompress_none           
20000314  __TI_dtors_ptr                 
20000318  __TI_enable_exit_profile_output
ffffffff  __TI_pprof_out_hndl            
ffffffff  __TI_prof_data_size            
ffffffff  __TI_prof_data_start           
00000000  __TI_static_base__             
00000dd3  __TI_zero_init                 
000008ed  __aeabi_memclr                 
000008ed  __aeabi_memclr4                
000008ed  __aeabi_memclr8                
000007d1  __aeabi_memcpy                 
000007d1  __aeabi_memcpy4                
000007d1  __aeabi_memcpy8                
000008ef  __aeabi_memset                 
000008ef  __aeabi_memset4                
000008ef  __aeabi_memset8                
ffffffff  __binit__                      
ffffffff  __c_args__                     
00000de3  __mpu_init                     
2000fe00  __stack                        
00000d79  _args_main                     
00000b85  _c_int00                       
2000031c  _lock                          
00000db3  _nop                           
00000dab  _register_lock                 
00000da5  _register_unlock               
00000de5  _system_post_cinit             
00000ddf  _system_pre_init               
20000320  _unlock                        
00000bdd  abort                          
00000541  adc_dma_init                   
ffffffff  binit                          
0000068d  clock_init                     
20000200  controlTable                   
00000c2d  copy_in                        
20000304  counter                        
20000301  data_collection_start          
20000300  debug                          
00000be5  exit                           
2000030c  int_counter                    
00000000  interruptVectors               
0000086d  main                           
20000324  main_func_sp                   
000007d1  memcpy                         
000008f5  memset                         
000003e5  pinout_init                    
20000308  step_counter                   
00000c79  timer_init                     
00000e18  uartConfig                     
00000a51  uart_init                      
00000d41  uart_putchar                   
00000cc1  uart_puts                      


GLOBAL SYMBOLS: SORTED BY Symbol Address 

address   name                           
-------   ----                           
00000000  __TI_static_base__             
00000000  interruptVectors               
000000e5  DMA_INT1_IRQHandler            
000000e5  DMA_INT1_IRQHandler            
00000200  __STACK_SIZE                   
000003e5  pinout_init                    
00000541  adc_dma_init                   
0000068d  clock_init                     
00000731  WDT_A_IRQHandler               
00000731  WDT_A_IRQHandler               
000007d1  __aeabi_memcpy                 
000007d1  __aeabi_memcpy4                
000007d1  __aeabi_memcpy8                
000007d1  memcpy                         
0000086d  main                           
000008ed  __aeabi_memclr                 
000008ed  __aeabi_memclr4                
000008ed  __aeabi_memclr8                
000008ef  __aeabi_memset                 
000008ef  __aeabi_memset4                
000008ef  __aeabi_memset8                
000008f5  memset                         
00000967  ADC14_IRQHandler               
00000967  AES256_IRQHandler              
00000967  BusFault_Handler               
00000967  COMP_E0_IRQHandler             
00000967  COMP_E1_IRQHandler             
00000967  CS_IRQHandler                  
00000967  DMA_ERR_IRQHandler             
00000967  DMA_INT0_IRQHandler            
00000967  DMA_INT2_IRQHandler            
00000967  DMA_INT3_IRQHandler            
00000967  DebugMon_Handler               
00000967  Default_Handler                
00000967  EUSCIA1_IRQHandler             
00000967  EUSCIA2_IRQHandler             
00000967  EUSCIA3_IRQHandler             
00000967  EUSCIB0_IRQHandler             
00000967  EUSCIB1_IRQHandler             
00000967  EUSCIB2_IRQHandler             
00000967  EUSCIB3_IRQHandler             
00000967  FLCTL_IRQHandler               
00000967  FPU_IRQHandler                 
00000967  HardFault_Handler              
00000967  MemManage_Handler              
00000967  NMI_Handler                    
00000967  PCM_IRQHandler                 
00000967  PORT1_IRQHandler               
00000967  PORT2_IRQHandler               
00000967  PORT3_IRQHandler               
00000967  PORT4_IRQHandler               
00000967  PORT5_IRQHandler               
00000967  PORT6_IRQHandler               
00000967  PSS_IRQHandler                 
00000967  PendSV_Handler                 
00000967  RTC_C_IRQHandler               
00000967  SVC_Handler                    
00000967  SysTick_Handler                
00000967  T32_INT1_IRQHandler            
00000967  T32_INT2_IRQHandler            
00000967  T32_INTC_IRQHandler            
00000967  TA0_0_IRQHandler               
00000967  TA0_N_IRQHandler               
00000967  TA1_0_IRQHandler               
00000967  TA1_N_IRQHandler               
00000967  TA2_0_IRQHandler               
00000967  TA2_N_IRQHandler               
00000967  TA3_0_IRQHandler               
00000967  TA3_N_IRQHandler               
00000967  UsageFault_Handler             
00000969  SystemInit                     
000009e1  __TI_auto_init                 
00000a51  uart_init                      
00000abd  __TI_decompress_lzss           
00000b25  EUSCIA0_IRQHandler             
00000b25  EUSCIA0_IRQHandler             
00000b85  _c_int00                       
00000bd9  C$$EXIT                        
00000bdd  abort                          
00000be5  exit                           
00000c2d  copy_in                        
00000c79  timer_init                     
00000cc1  uart_puts                      
00000cf9  CS_setDCOCenteredFrequency     
00000d1d  GPIO_setAsOutputPin            
00000d41  uart_putchar                   
00000d61  GPIO_setOutputLowOnPin         
00000d79  _args_main                     
00000d91  GPIO_setOutputHighOnPin        
00000da5  _register_unlock               
00000dab  _register_lock                 
00000db3  _nop                           
00000db9  __TI_decompress_none           
00000dc7  Reset_Handler                  
00000dd3  __TI_zero_init                 
00000ddf  _system_pre_init               
00000de3  __mpu_init                     
00000de5  _system_post_cinit             
00000e18  uartConfig                     
00000e58  __TI_Handler_Table_Base        
00000e64  __TI_Handler_Table_Limit       
00000e70  __TI_CINIT_Base                
00000e80  __TI_CINIT_Limit               
20000200  controlTable                   
20000300  debug                          
20000301  data_collection_start          
20000304  counter                        
20000308  step_counter                   
2000030c  int_counter                    
20000310  __TI_cleanup_ptr               
20000314  __TI_dtors_ptr                 
20000318  __TI_enable_exit_profile_output
2000031c  _lock                          
20000320  _unlock                        
20000324  main_func_sp                   
2000fe00  __stack                        
20010000  __STACK_END                    
4000480c  WDTCTL_SYM                     
ffffffff  __TI_pprof_out_hndl            
ffffffff  __TI_prof_data_size            
ffffffff  __TI_prof_data_start           
ffffffff  __binit__                      
ffffffff  __c_args__                     
ffffffff  binit                          
UNDEFED   SHT$$INIT_ARRAY$$Base          
UNDEFED   SHT$$INIT_ARRAY$$Limit         

[126 symbols]
