******************************************************************************
                  TI ARM Linker Unix v16.9.1                   
******************************************************************************
>> Linked Sun Mar  4 21:47:43 2018

OUTPUT FILE NAME:   <adc_dma_data_6led_MSP_EXP432P401R.out>
ENTRY POINT SYMBOL: "_c_int00"  address: 00000c09


MEMORY CONFIGURATION

         name            origin    length      used     unused   attr    fill
----------------------  --------  ---------  --------  --------  ----  --------
  MAIN                  00000000   00040000  00000efe  0003f102  R  X
  INFO                  00200000   00004000  00000000  00004000  R  X
  SRAM_CODE             01000000   00010000  00000628  0000f9d8  RW X
  SRAM_DATA             20000000   00010000  00000628  0000f9d8  RW  


SEGMENT ALLOCATION MAP

run origin  load origin   length   init length attrs members
----------  ----------- ---------- ----------- ----- -------
00000000    00000000    00000f00   00000f00    r-x
  00000000    00000000    000000e4   000000e4    r-- .intvecs
  000000e4    000000e4    00000d86   00000d86    r-x .text
  00000e6c    00000e6c    00000054   00000054    r-- .const
  00000ec0    00000ec0    00000040   00000040    r-- .cinit
20000000    20000000    00000428   00000000    rw-
  20000000    20000000    00000400   00000000    rw- .bss
  20000400    20000400    00000028   00000000    rw- .data
2000fe00    2000fe00    00000200   00000000    rw-
  2000fe00    2000fe00    00000200   00000000    rw- .stack


SECTION ALLOCATION MAP

 output                                  attributes/
section   page    origin      length       input sections
--------  ----  ----------  ----------   ----------------
.intvecs   0    00000000    000000e4     
                  00000000    000000e4     startup_msp432p401r_ccs.obj (.intvecs:retain)

.text      0    000000e4    00000d86     
                  000000e4    00000374     main.obj (.text:DMA_INT1_IRQHandler)
                  00000458    0000015c     board_init.obj (.text:pinout_init)
                  000005b4    0000014c     board_init.obj (.text:adc_dma_init)
                  00000700    000000b0     main.obj (.text:WDT_A_IRQHandler)
                  000007b0    000000a4     board_init.obj (.text:clock_init)
                  00000854    0000009c     rtsv7M4_T_le_v4SPD16_eabi.lib : memcpy_t2.obj (.text)
                  000008f0    00000080     main.obj (.text:main)
                  00000970    0000007a     rtsv7M4_T_le_v4SPD16_eabi.lib : memset_t2.obj (.text)
                  000009ea    00000002     startup_msp432p401r_ccs.obj (.text:Default_Handler)
                  000009ec    00000078     system_msp432p401r.obj (.text:SystemInit)
                  00000a64    00000070     rtsv7M4_T_le_v4SPD16_eabi.lib : autoinit.obj (.text)
                  00000ad4    0000006c     board_init.obj (.text:uart_init)
                  00000b40    00000068     rtsv7M4_T_le_v4SPD16_eabi.lib : copy_decompress_lzss.obj (.text:decompress:lzss)
                  00000ba8    00000060     main.obj (.text:EUSCIA0_IRQHandler)
                  00000c08    00000054     rtsv7M4_T_le_v4SPD16_eabi.lib : boot.obj (.text)
                  00000c5c    00000054                                   : exit.obj (.text)
                  00000cb0    0000004c                                   : cpy_tbl.obj (.text)
                  00000cfc    00000048     board_init.obj (.text:timer_init)
                  00000d44    00000038     board_init.obj (.text:uart_puts)
                  00000d7c    00000024     msp432p4xx_driverlib.lib : cs.obj (.text:CS_setDCOCenteredFrequency)
                  00000da0    00000024                              : gpio.obj (.text:GPIO_setAsOutputPin)
                  00000dc4    00000020     board_init.obj (.text:uart_putchar)
                  00000de4    00000018     msp432p4xx_driverlib.lib : gpio.obj (.text:GPIO_setOutputLowOnPin)
                  00000dfc    00000018     rtsv7M4_T_le_v4SPD16_eabi.lib : args_main.obj (.text)
                  00000e14    00000014     msp432p4xx_driverlib.lib : gpio.obj (.text:GPIO_setOutputHighOnPin)
                  00000e28    00000014     rtsv7M4_T_le_v4SPD16_eabi.lib : _lock.obj (.text)
                  00000e3c    0000000e                                   : copy_decompress_none.obj (.text:decompress:none)
                  00000e4a    0000000c     startup_msp432p401r_ccs.obj (.text:Reset_Handler)
                  00000e56    0000000c     rtsv7M4_T_le_v4SPD16_eabi.lib : copy_zero_init.obj (.text:decompress:ZI)
                  00000e62    00000004                                   : pre_init.obj (.text)
                  00000e66    00000002                                   : mpu_init.obj (.text)
                  00000e68    00000002                                   : startup.obj (.text)

.const     0    00000e6c    00000054     
                  00000e6c    00000030     msp432p4xx_driverlib.lib : gpio.obj (.const:GPIO_PORT_TO_BASE)
                  00000e9c    00000024     main.obj (.const:uartConfig)

.cinit     0    00000ec0    00000040     
                  00000ec0    00000016     (.cinit..data.load) [load image, compression = lzss]
                  00000ed6    00000002     --HOLE-- [fill = 0]
                  00000ed8    0000000c     (__TI_handler_table)
                  00000ee4    00000004     --HOLE-- [fill = 0]
                  00000ee8    00000008     (.cinit..bss.load) [load image, compression = zero_init]
                  00000ef0    00000010     (__TI_cinit_table)

.init_array 
*          0    00000000    00000000     UNINITIALIZED

.binit     0    00000000    00000000     

.bss       0    20000000    00000400     UNINITIALIZED
                  20000000    00000120     main.obj (.bss:resultsBuffer)
                  20000120    00000120     (.common:features)
                  20000240    00000094     main.obj (.bss:tx_buf)
                  200002d4    0000002c     --HOLE--
                  20000300    00000100     (.common:controlTable)

.data      0    20000400    00000028     UNINITIALIZED
                  20000400    00000010     main.obj (.data)
                  20000410    0000000c     rtsv7M4_T_le_v4SPD16_eabi.lib : exit.obj (.data:$O1$$)
                  2000041c    00000008                                   : _lock.obj (.data:$O1$$)
                  20000424    00000004                                   : stkdepth_vars.obj (.data)

.stack     0    2000fe00    00000200     UNINITIALIZED
                  2000fe00    00000200     --HOLE--

MODULE SUMMARY

       Module                        code   ro data   rw data
       ------                        ----   -------   -------
    ./
       main.obj                      1284   36        1480   
       board_init.obj                1112   0         512    
       system_msp432p401r.obj        120    0         0      
    +--+-----------------------------+------+---------+---------+
       Total:                        2516   36        1992   
                                                             
    ./ccs/
       startup_msp432p401r_ccs.obj   14     228       0      
    +--+-----------------------------+------+---------+---------+
       Total:                        14     228       0      
                                                             
    /Applications/ti/ccsv7/tools/compiler/ti-cgt-arm_16.9.1.LTS/lib/rtsv7M4_T_le_v4SPD16_eabi.lib
       memcpy_t2.obj                 156    0         0      
       memset_t2.obj                 122    0         0      
       autoinit.obj                  112    0         0      
       exit.obj                      84     0         24     
       copy_decompress_lzss.obj      104    0         0      
       boot.obj                      84     0         0      
       cpy_tbl.obj                   76     0         0      
       _lock.obj                     20     0         16     
       args_main.obj                 24     0         0      
       copy_decompress_none.obj      14     0         0      
       copy_zero_init.obj            12     0         0      
       stkdepth_vars.obj             0      0         8      
       pre_init.obj                  4      0         0      
       mpu_init.obj                  2      0         0      
       startup.obj                   2      0         0      
    +--+-----------------------------+------+---------+---------+
       Total:                        816    0         48     
                                                             
    /Users/imac/ti/simplelink_msp432_sdk_1_40_01_00/source/ti/devices/msp432p4xx/driverlib/ccs/msp432p4xx_driverlib.lib
       gpio.obj                      80     48        0      
       cs.obj                        36     0         0      
    +--+-----------------------------+------+---------+---------+
       Total:                        116    48        0      
                                                             
       Stack:                        0      0         1024   
       Linker Generated:             0      58        0      
    +--+-----------------------------+------+---------+---------+
       Grand Total:                  3462   370       3064   


LINKER GENERATED COPY TABLES

__TI_cinit_table @ 00000ef0 records: 2, size/record: 8, table size: 16
	.data: load addr=00000ec0, load size=00000016 bytes, run addr=20000400, run size=00000028 bytes, compression=lzss
	.bss: load addr=00000ee8, load size=00000008 bytes, run addr=20000000, run size=00000400 bytes, compression=zero_init


LINKER GENERATED HANDLER TABLE

__TI_handler_table @ 00000ed8 records: 3, size/record: 4, table size: 12
	index: 0, handler: __TI_decompress_lzss
	index: 1, handler: __TI_decompress_none
	index: 2, handler: __TI_zero_init


GLOBAL SYMBOLS: SORTED ALPHABETICALLY BY Name 

address   name                           
-------   ----                           
000009eb  ADC14_IRQHandler               
000009eb  AES256_IRQHandler              
000009eb  BusFault_Handler               
00000c5d  C$$EXIT                        
000009eb  COMP_E0_IRQHandler             
000009eb  COMP_E1_IRQHandler             
000009eb  CS_IRQHandler                  
00000d7d  CS_setDCOCenteredFrequency     
000009eb  DMA_ERR_IRQHandler             
000009eb  DMA_INT0_IRQHandler            
000000e5  DMA_INT1_IRQHandler            
000000e5  DMA_INT1_IRQHandler            
000009eb  DMA_INT2_IRQHandler            
000009eb  DMA_INT3_IRQHandler            
000009eb  DebugMon_Handler               
000009eb  Default_Handler                
00000ba9  EUSCIA0_IRQHandler             
00000ba9  EUSCIA0_IRQHandler             
000009eb  EUSCIA1_IRQHandler             
000009eb  EUSCIA2_IRQHandler             
000009eb  EUSCIA3_IRQHandler             
000009eb  EUSCIB0_IRQHandler             
000009eb  EUSCIB1_IRQHandler             
000009eb  EUSCIB2_IRQHandler             
000009eb  EUSCIB3_IRQHandler             
000009eb  FLCTL_IRQHandler               
000009eb  FPU_IRQHandler                 
00000da1  GPIO_setAsOutputPin            
00000e15  GPIO_setOutputHighOnPin        
00000de5  GPIO_setOutputLowOnPin         
000009eb  HardFault_Handler              
000009eb  MemManage_Handler              
000009eb  NMI_Handler                    
000009eb  PCM_IRQHandler                 
000009eb  PORT1_IRQHandler               
000009eb  PORT2_IRQHandler               
000009eb  PORT3_IRQHandler               
000009eb  PORT4_IRQHandler               
000009eb  PORT5_IRQHandler               
000009eb  PORT6_IRQHandler               
000009eb  PSS_IRQHandler                 
000009eb  PendSV_Handler                 
000009eb  RTC_C_IRQHandler               
00000e4b  Reset_Handler                  
UNDEFED   SHT$$INIT_ARRAY$$Base          
UNDEFED   SHT$$INIT_ARRAY$$Limit         
000009eb  SVC_Handler                    
000009eb  SysTick_Handler                
000009ed  SystemInit                     
000009eb  T32_INT1_IRQHandler            
000009eb  T32_INT2_IRQHandler            
000009eb  T32_INTC_IRQHandler            
000009eb  TA0_0_IRQHandler               
000009eb  TA0_N_IRQHandler               
000009eb  TA1_0_IRQHandler               
000009eb  TA1_N_IRQHandler               
000009eb  TA2_0_IRQHandler               
000009eb  TA2_N_IRQHandler               
000009eb  TA3_0_IRQHandler               
000009eb  TA3_N_IRQHandler               
000009eb  UsageFault_Handler             
4000480c  WDTCTL_SYM                     
00000701  WDT_A_IRQHandler               
00000701  WDT_A_IRQHandler               
20010000  __STACK_END                    
00000200  __STACK_SIZE                   
00000ef0  __TI_CINIT_Base                
00000f00  __TI_CINIT_Limit               
00000ed8  __TI_Handler_Table_Base        
00000ee4  __TI_Handler_Table_Limit       
00000a65  __TI_auto_init                 
20000410  __TI_cleanup_ptr               
00000b41  __TI_decompress_lzss           
00000e3d  __TI_decompress_none           
20000414  __TI_dtors_ptr                 
20000418  __TI_enable_exit_profile_output
ffffffff  __TI_pprof_out_hndl            
ffffffff  __TI_prof_data_size            
ffffffff  __TI_prof_data_start           
00000000  __TI_static_base__             
00000e57  __TI_zero_init                 
00000971  __aeabi_memclr                 
00000971  __aeabi_memclr4                
00000971  __aeabi_memclr8                
00000855  __aeabi_memcpy                 
00000855  __aeabi_memcpy4                
00000855  __aeabi_memcpy8                
00000973  __aeabi_memset                 
00000973  __aeabi_memset4                
00000973  __aeabi_memset8                
ffffffff  __binit__                      
ffffffff  __c_args__                     
00000e67  __mpu_init                     
2000fe00  __stack                        
00000dfd  _args_main                     
00000c09  _c_int00                       
2000041c  _lock                          
00000e37  _nop                           
00000e2f  _register_lock                 
00000e29  _register_unlock               
00000e69  _system_post_cinit             
00000e63  _system_pre_init               
20000420  _unlock                        
00000c61  abort                          
000005b5  adc_dma_init                   
ffffffff  binit                          
000007b1  clock_init                     
20000300  controlTable                   
00000cb1  copy_in                        
20000404  counter                        
20000401  data_collection_start          
20000400  debug                          
00000c69  exit                           
20000120  features                       
2000040c  int_counter                    
00000000  interruptVectors               
000008f1  main                           
20000424  main_func_sp                   
00000855  memcpy                         
00000979  memset                         
00000459  pinout_init                    
20000408  step_counter                   
00000cfd  timer_init                     
00000e9c  uartConfig                     
00000ad5  uart_init                      
00000dc5  uart_putchar                   
00000d45  uart_puts                      


GLOBAL SYMBOLS: SORTED BY Symbol Address 

address   name                           
-------   ----                           
00000000  __TI_static_base__             
00000000  interruptVectors               
000000e5  DMA_INT1_IRQHandler            
000000e5  DMA_INT1_IRQHandler            
00000200  __STACK_SIZE                   
00000459  pinout_init                    
000005b5  adc_dma_init                   
00000701  WDT_A_IRQHandler               
00000701  WDT_A_IRQHandler               
000007b1  clock_init                     
00000855  __aeabi_memcpy                 
00000855  __aeabi_memcpy4                
00000855  __aeabi_memcpy8                
00000855  memcpy                         
000008f1  main                           
00000971  __aeabi_memclr                 
00000971  __aeabi_memclr4                
00000971  __aeabi_memclr8                
00000973  __aeabi_memset                 
00000973  __aeabi_memset4                
00000973  __aeabi_memset8                
00000979  memset                         
000009eb  ADC14_IRQHandler               
000009eb  AES256_IRQHandler              
000009eb  BusFault_Handler               
000009eb  COMP_E0_IRQHandler             
000009eb  COMP_E1_IRQHandler             
000009eb  CS_IRQHandler                  
000009eb  DMA_ERR_IRQHandler             
000009eb  DMA_INT0_IRQHandler            
000009eb  DMA_INT2_IRQHandler            
000009eb  DMA_INT3_IRQHandler            
000009eb  DebugMon_Handler               
000009eb  Default_Handler                
000009eb  EUSCIA1_IRQHandler             
000009eb  EUSCIA2_IRQHandler             
000009eb  EUSCIA3_IRQHandler             
000009eb  EUSCIB0_IRQHandler             
000009eb  EUSCIB1_IRQHandler             
000009eb  EUSCIB2_IRQHandler             
000009eb  EUSCIB3_IRQHandler             
000009eb  FLCTL_IRQHandler               
000009eb  FPU_IRQHandler                 
000009eb  HardFault_Handler              
000009eb  MemManage_Handler              
000009eb  NMI_Handler                    
000009eb  PCM_IRQHandler                 
000009eb  PORT1_IRQHandler               
000009eb  PORT2_IRQHandler               
000009eb  PORT3_IRQHandler               
000009eb  PORT4_IRQHandler               
000009eb  PORT5_IRQHandler               
000009eb  PORT6_IRQHandler               
000009eb  PSS_IRQHandler                 
000009eb  PendSV_Handler                 
000009eb  RTC_C_IRQHandler               
000009eb  SVC_Handler                    
000009eb  SysTick_Handler                
000009eb  T32_INT1_IRQHandler            
000009eb  T32_INT2_IRQHandler            
000009eb  T32_INTC_IRQHandler            
000009eb  TA0_0_IRQHandler               
000009eb  TA0_N_IRQHandler               
000009eb  TA1_0_IRQHandler               
000009eb  TA1_N_IRQHandler               
000009eb  TA2_0_IRQHandler               
000009eb  TA2_N_IRQHandler               
000009eb  TA3_0_IRQHandler               
000009eb  TA3_N_IRQHandler               
000009eb  UsageFault_Handler             
000009ed  SystemInit                     
00000a65  __TI_auto_init                 
00000ad5  uart_init                      
00000b41  __TI_decompress_lzss           
00000ba9  EUSCIA0_IRQHandler             
00000ba9  EUSCIA0_IRQHandler             
00000c09  _c_int00                       
00000c5d  C$$EXIT                        
00000c61  abort                          
00000c69  exit                           
00000cb1  copy_in                        
00000cfd  timer_init                     
00000d45  uart_puts                      
00000d7d  CS_setDCOCenteredFrequency     
00000da1  GPIO_setAsOutputPin            
00000dc5  uart_putchar                   
00000de5  GPIO_setOutputLowOnPin         
00000dfd  _args_main                     
00000e15  GPIO_setOutputHighOnPin        
00000e29  _register_unlock               
00000e2f  _register_lock                 
00000e37  _nop                           
00000e3d  __TI_decompress_none           
00000e4b  Reset_Handler                  
00000e57  __TI_zero_init                 
00000e63  _system_pre_init               
00000e67  __mpu_init                     
00000e69  _system_post_cinit             
00000e9c  uartConfig                     
00000ed8  __TI_Handler_Table_Base        
00000ee4  __TI_Handler_Table_Limit       
00000ef0  __TI_CINIT_Base                
00000f00  __TI_CINIT_Limit               
20000120  features                       
20000300  controlTable                   
20000400  debug                          
20000401  data_collection_start          
20000404  counter                        
20000408  step_counter                   
2000040c  int_counter                    
20000410  __TI_cleanup_ptr               
20000414  __TI_dtors_ptr                 
20000418  __TI_enable_exit_profile_output
2000041c  _lock                          
20000420  _unlock                        
20000424  main_func_sp                   
2000fe00  __stack                        
20010000  __STACK_END                    
4000480c  WDTCTL_SYM                     
ffffffff  __TI_pprof_out_hndl            
ffffffff  __TI_prof_data_size            
ffffffff  __TI_prof_data_start           
ffffffff  __binit__                      
ffffffff  __c_args__                     
ffffffff  binit                          
UNDEFED   SHT$$INIT_ARRAY$$Base          
UNDEFED   SHT$$INIT_ARRAY$$Limit         

[127 symbols]
