******************************************************************************
                  TI ARM Linker PC v16.9.3                     
******************************************************************************
>> Linked Sat Aug 26 21:57:08 2017

OUTPUT FILE NAME:   <adc_lpm3_MSP_EXP432P401R_nortos_ccs.out>
ENTRY POINT SYMBOL: "_c_int00"  address: 00003149


MEMORY CONFIGURATION

         name            origin    length      used     unused   attr    fill
----------------------  --------  ---------  --------  --------  ----  --------
  MAIN                  00000000   00040000  0000362f  0003c9d1  R  X
  INFO                  00200000   00004000  00000000  00004000  R  X
  SRAM_CODE             01000000   00010000  00000dc6  0000f23a  RW X
  SRAM_DATA             20000000   00010000  00000dc6  0000f23a  RW  


SEGMENT ALLOCATION MAP

run origin  load origin   length   init length attrs members
----------  ----------- ---------- ----------- ----- -------
00000000    00000000    00003630   00003630    r-x
  00000000    00000000    000000e4   000000e4    r-- .intvecs
  000000e4    000000e4    000033b2   000033b2    r-x .text
  00003496    00003496    00000101   00000101    r-- .const
  00003598    00003598    00000098   00000098    r-- .cinit
20000000    20000000    00000bc6   00000000    rw-
  20000000    20000000    00000800   00000000    rw- .sysmem
  20000800    20000800    000001fc   00000000    rw- .data
  200009fc    200009fc    000001ca   00000000    rw- .bss
2000fe00    2000fe00    00000200   00000000    rw-
  2000fe00    2000fe00    00000200   00000000    rw- .stack


SECTION ALLOCATION MAP

 output                                  attributes/
section   page    origin      length       input sections
--------  ----  ----------  ----------   ----------------
.intvecs   0    00000000    000000e4     
                  00000000    000000e4     startup_msp432p401r_ccs.obj (.intvecs:retain)

.binit     0    00000000    00000000     

.text      0    000000e4    000033b2     
                  000000e4    0000113e     rtsv7M4_T_le_v4SPD16_eabi.lib : _printfi.obj (.text)
                  00001222    00000002     startup_msp432p401r_ccs.obj (.text:Default_Handler)
                  00001224    000003d0     rtsv7M4_T_le_v4SPD16_eabi.lib : memory.obj (.text)
                  000015f4    00000324                                   : trgdrv.obj (.text)
                  00001918    0000030c                                   : lowlev.obj (.text)
                  00001c24    0000026c     main.obj (.text:main)
                  00001e90    000001f4     rtsv7M4_T_le_v4SPD16_eabi.lib : ull_div_t2.obj (.text)
                  00002084    000001c4                                   : fopen.obj (.text)
                  00002248    000001b6                                   : fd_add_t2.obj (.text)
                  000023fe    00000136                                   : fd_div_t2.obj (.text)
                  00002534    00000134                                   : fputs.obj (.text)
                  00002668    000000fc                                   : fd_mul_t2.obj (.text)
                  00002764    000000fc                                   : s_scalbn.obj (.text)
                  00002860    000000dc                                   : setvbuf.obj (.text)
                  0000293c    000000c8                                   : fflush.obj (.text)
                  00002a04    000000ac                                   : _io_perm.obj (.text)
                  00002ab0    0000009c                                   : memcpy_t2.obj (.text)
                  00002b4c    00000098                                   : fclose.obj (.text)
                  00002be4    00000098                                   : fputc.obj (.text)
                  00002c7c    00000086                                   : fd_cmp_t2.obj (.text:__aeabi_cdcmple)
                  00002d02    00000086                                   : fd_cmp_t2.obj (.text:__aeabi_cdrcmple)
                  00002d88    0000007a                                   : memset_t2.obj (.text)
                  00002e02    00000002                                   : mpu_init.obj (.text)
                  00002e04    00000078     system_msp432p401r.obj (.text:SystemInit)
                  00002e7c    00000070     rtsv7M4_T_le_v4SPD16_eabi.lib : autoinit.obj (.text)
                  00002eec    00000070                                   : printf.obj (.text)
                  00002f5c    00000068                                   : copy_decompress_lzss.obj (.text:decompress:lzss)
                  00002fc4    00000068                                   : trgmsg.obj (.text)
                  0000302c    00000064                                   : fseek.obj (.text)
                  00003090    00000064                                   : s_frexp.obj (.text)
                  000030f4    00000054     main.obj (.text:ADC14_IRQHandler)
                  00003148    00000054     rtsv7M4_T_le_v4SPD16_eabi.lib : boot.obj (.text)
                  0000319c    00000054                                   : exit.obj (.text)
                  000031f0    00000054                                   : ltoa.obj (.text)
                  00003244    0000004c                                   : atoi.obj (.text)
                  00003290    0000004c                                   : cpy_tbl.obj (.text)
                  000032dc    00000048                                   : fd_toi_t2.obj (.text)
                  00003324    00000036                                   : strncpy.obj (.text)
                  0000335a    0000002e                                   : i_tofd_t2.obj (.text)
                  00003388    00000020                                   : memchr.obj (.text)
                  000033a8    0000001c                                   : memccpy.obj (.text)
                  000033c4    00000018                                   : args_main.obj (.text)
                  000033dc    00000018                                   : strcmp.obj (.text)
                  000033f4    00000016                                   : strchr.obj (.text)
                  0000340a    00000002                                   : startup.obj (.text)
                  0000340c    00000014                                   : _lock.obj (.text)
                  00003420    00000014                                   : s_copysign.obj (.text)
                  00003434    00000014                                   : strcpy.obj (.text)
                  00003448    00000014                                   : strlen.obj (.text)
                  0000345c    00000010     main.obj (.text:WDT_A_IRQHandler)
                  0000346c    0000000e     rtsv7M4_T_le_v4SPD16_eabi.lib : copy_decompress_none.obj (.text:decompress:none)
                  0000347a    0000000c     startup_msp432p401r_ccs.obj (.text:Reset_Handler)
                  00003486    0000000c     rtsv7M4_T_le_v4SPD16_eabi.lib : copy_zero_init.obj (.text:decompress:ZI)
                  00003492    00000004                                   : pre_init.obj (.text)

.const     0    00003496    00000101     
                  00003496    00000101     rtsv7M4_T_le_v4SPD16_eabi.lib : ctype.obj (.const:.string:_ctypes_)

.cinit     0    00003598    00000098     
                  00003598    0000006d     (.cinit..data.load) [load image, compression = lzss]
                  00003605    00000003     --HOLE-- [fill = 0]
                  00003608    0000000c     (__TI_handler_table)
                  00003614    00000004     --HOLE-- [fill = 0]
                  00003618    00000008     (.cinit..bss.load) [load image, compression = zero_init]
                  00003620    00000010     (__TI_cinit_table)

.init_array 
*          0    00000000    00000000     UNINITIALIZED

.sysmem    0    20000000    00000800     UNINITIALIZED
                  20000000    00000008     rtsv7M4_T_le_v4SPD16_eabi.lib : memory.obj (.sysmem)
                  20000008    000007f8     --HOLE--

.data      0    20000800    000001fc     UNINITIALIZED
                  20000800    000000f0     rtsv7M4_T_le_v4SPD16_eabi.lib : defs.obj (.data:_ftable)
                  200008f0    000000d0                                   : lowlev.obj (.data:$O1$$)
                  200009c0    00000010                                   : defs.obj (.data)
                  200009d0    0000000c                                   : exit.obj (.data:$O1$$)
                  200009dc    0000000c                                   : memory.obj (.data:$O1$$)
                  200009e8    00000008                                   : _lock.obj (.data:$O1$$)
                  200009f0    00000004                                   : errno.obj (.data)
                  200009f4    00000004                                   : fopen.obj (.data)
                  200009f8    00000004                                   : stkdepth_vars.obj (.data)

.bss       0    200009fc    000001ca     UNINITIALIZED
                  200009fc    00000120     rtsv7M4_T_le_v4SPD16_eabi.lib : trgmsg.obj (.bss:_CIOBUF_)
                  20000b1c    000000a0     (.common:__TI_tmpnams)
                  20000bbc    00000008                                   : trgdrv.obj (.bss:parmbuf)
                  20000bc4    00000002     main.obj (.bss)

.stack     0    2000fe00    00000200     UNINITIALIZED
                  2000fe00    00000200     --HOLE--

MODULE SUMMARY

       Module                        code    ro data   rw data
       ------                        ----    -------   -------
    .\
       main.obj                      720     0         4      
       system_msp432p401r.obj        120     0         0      
    +--+-----------------------------+-------+---------+---------+
       Total:                        840     0         4      
                                                              
    .\ccs\
       startup_msp432p401r_ccs.obj   14      228       0      
    +--+-----------------------------+-------+---------+---------+
       Total:                        14      228       0      
                                                              
    C:\ti\ccsv7\tools\compiler\ti-cgt-arm_16.9.3.LTS\lib\rtsv7M4_T_le_v4SPD16_eabi.lib
       _printfi.obj                  4414    0         0      
       lowlev.obj                    780     0         416    
       memory.obj                    976     0         24     
       defs.obj                      0       0         832    
       trgdrv.obj                    804     0         16     
       trgmsg.obj                    104     0         576    
       ull_div_t2.obj                500     0         0      
       fopen.obj                     452     0         8      
       fd_add_t2.obj                 438     0         0      
       fd_div_t2.obj                 310     0         0      
       fputs.obj                     308     0         0      
       fd_cmp_t2.obj                 268     0         0      
       ctype.obj                     0       257       0      
       fd_mul_t2.obj                 252     0         0      
       s_scalbn.obj                  252     0         0      
       setvbuf.obj                   220     0         0      
       fflush.obj                    200     0         0      
       _io_perm.obj                  172     0         0      
       memcpy_t2.obj                 156     0         0      
       fclose.obj                    152     0         0      
       fputc.obj                     152     0         0      
       memset_t2.obj                 122     0         0      
       autoinit.obj                  112     0         0      
       printf.obj                    112     0         0      
       exit.obj                      84      0         24     
       copy_decompress_lzss.obj      104     0         0      
       fseek.obj                     100     0         0      
       s_frexp.obj                   100     0         0      
       boot.obj                      84      0         0      
       ltoa.obj                      84      0         0      
       atoi.obj                      76      0         0      
       cpy_tbl.obj                   76      0         0      
       fd_toi_t2.obj                 72      0         0      
       strncpy.obj                   54      0         0      
       i_tofd_t2.obj                 46      0         0      
       _lock.obj                     20      0         16     
       memchr.obj                    32      0         0      
       memccpy.obj                   28      0         0      
       args_main.obj                 24      0         0      
       strcmp.obj                    24      0         0      
       strchr.obj                    22      0         0      
       s_copysign.obj                20      0         0      
       strcpy.obj                    20      0         0      
       strlen.obj                    20      0         0      
       copy_decompress_none.obj      14      0         0      
       copy_zero_init.obj            12      0         0      
       errno.obj                     0       0         8      
       stkdepth_vars.obj             0       0         8      
       pre_init.obj                  4       0         0      
       mpu_init.obj                  2       0         0      
       startup.obj                   2       0         0      
    +--+-----------------------------+-------+---------+---------+
       Total:                        12380   257       1928   
                                                              
       Heap:                         0       0         4096   
       Stack:                        0       0         1024   
       Linker Generated:             0       145       0      
    +--+-----------------------------+-------+---------+---------+
       Grand Total:                  13234   630       7052   


LINKER GENERATED COPY TABLES

__TI_cinit_table @ 00003620 records: 2, size/record: 8, table size: 16
	.data: load addr=00003598, load size=0000006d bytes, run addr=20000800, run size=000001fc bytes, compression=lzss
	.bss: load addr=00003618, load size=00000008 bytes, run addr=200009fc, run size=000001ca bytes, compression=zero_init


LINKER GENERATED HANDLER TABLE

__TI_handler_table @ 00003608 records: 3, size/record: 4, table size: 12
	index: 0, handler: __TI_decompress_lzss
	index: 1, handler: __TI_decompress_none
	index: 2, handler: __TI_zero_init


GLOBAL SYMBOLS: SORTED ALPHABETICALLY BY Name 

address   name                           
-------   ----                           
000030f5  ADC14_IRQHandler               
000030f5  ADC14_IRQHandler               
00001223  AES256_IRQHandler              
00001223  BusFault_Handler               
0000319d  C$$EXIT                        
00002ff3  C$$IO$$                        
00001223  COMP_E0_IRQHandler             
00001223  COMP_E1_IRQHandler             
00001223  CS_IRQHandler                  
00001223  DMA_ERR_IRQHandler             
00001223  DMA_INT0_IRQHandler            
00001223  DMA_INT1_IRQHandler            
00001223  DMA_INT2_IRQHandler            
00001223  DMA_INT3_IRQHandler            
00001223  DebugMon_Handler               
00001223  Default_Handler                
00001223  EUSCIA0_IRQHandler             
00001223  EUSCIA1_IRQHandler             
00001223  EUSCIA2_IRQHandler             
00001223  EUSCIA3_IRQHandler             
00001223  EUSCIB0_IRQHandler             
00001223  EUSCIB1_IRQHandler             
00001223  EUSCIB2_IRQHandler             
00001223  EUSCIB3_IRQHandler             
00001223  FLCTL_IRQHandler               
00001223  FPU_IRQHandler                 
000018cf  HOSTclock                      
00001897  HOSTclose                      
00001859  HOSTgetenv                     
000017fd  HOSTlseek                      
000017ab  HOSTopen                       
0000175f  HOSTread                       
00001701  HOSTrename                     
000016c7  HOSTtime                       
00001679  HOSTtime64                     
00001641  HOSTunlink                     
000015f5  HOSTwrite                      
00001223  HardFault_Handler              
00001223  MemManage_Handler              
00001223  NMI_Handler                    
00001223  PCM_IRQHandler                 
00001223  PORT1_IRQHandler               
00001223  PORT2_IRQHandler               
00001223  PORT3_IRQHandler               
00001223  PORT4_IRQHandler               
00001223  PORT5_IRQHandler               
00001223  PORT6_IRQHandler               
00001223  PSS_IRQHandler                 
00001223  PendSV_Handler                 
00001223  RTC_C_IRQHandler               
0000347b  Reset_Handler                  
UNDEFED   SHT$$INIT_ARRAY$$Base          
UNDEFED   SHT$$INIT_ARRAY$$Limit         
00001223  SVC_Handler                    
00001223  SysTick_Handler                
00002e05  SystemInit                     
00001223  T32_INT1_IRQHandler            
00001223  T32_INT2_IRQHandler            
00001223  T32_INTC_IRQHandler            
00001223  TA0_0_IRQHandler               
00001223  TA0_N_IRQHandler               
00001223  TA1_0_IRQHandler               
00001223  TA1_N_IRQHandler               
00001223  TA2_0_IRQHandler               
00001223  TA2_N_IRQHandler               
00001223  TA3_0_IRQHandler               
00001223  TA3_N_IRQHandler               
00001223  UsageFault_Handler             
4000480c  WDTCTL_SYM                     
0000345d  WDT_A_IRQHandler               
0000345d  WDT_A_IRQHandler               
200009fc  __CIOBUF_                      
20010000  __STACK_END                    
00000200  __STACK_SIZE                   
00000800  __SYSMEM_SIZE                  
00003620  __TI_CINIT_Base                
00003630  __TI_CINIT_Limit               
00003608  __TI_Handler_Table_Base        
00003614  __TI_Handler_Table_Limit       
00002e7d  __TI_auto_init                 
0000214d  __TI_cleanup                   
200009d0  __TI_cleanup_ptr               
00002b4d  __TI_closefile                 
00002f5d  __TI_decompress_lzss           
0000346d  __TI_decompress_none           
0000293d  __TI_doflush                   
200009d4  __TI_dtors_ptr                 
200009d8  __TI_enable_exit_profile_output
200009c0  __TI_ft_end                    
ffffffff  __TI_pprof_out_hndl            
00000929  __TI_printfi                   
ffffffff  __TI_prof_data_size            
ffffffff  __TI_prof_data_start           
00002a67  __TI_rd_ok                     
00002ff7  __TI_readmsg                   
00000000  __TI_static_base__             
20000b1c  __TI_tmpnams                   
00002fc5  __TI_writemsg                  
00002a05  __TI_wrt_ok                    
00003487  __TI_zero_init                 
00002c7d  __aeabi_cdcmpeq                
00002c7d  __aeabi_cdcmple                
00002d03  __aeabi_cdrcmple               
000032dd  __aeabi_d2iz                   
00002253  __aeabi_dadd                   
000023ff  __aeabi_ddiv                   
00002669  __aeabi_dmul                   
00002249  __aeabi_dsub                   
0000335b  __aeabi_i2d                    
00002d89  __aeabi_memclr                 
00002d89  __aeabi_memclr4                
00002d89  __aeabi_memclr8                
00002ab1  __aeabi_memcpy                 
00002ab1  __aeabi_memcpy4                
00002ab1  __aeabi_memcpy8                
00002d8b  __aeabi_memset                 
00002d8b  __aeabi_memset4                
00002d8b  __aeabi_memset8                
200009cc  __aeabi_stderr                 
200009c4  __aeabi_stdin                  
200009c8  __aeabi_stdout                 
00001e91  __aeabi_uldivmod               
ffffffff  __binit__                      
ffffffff  __c_args__                     
00002e03  __mpu_init                     
2000fe00  __stack                        
000033c5  _args_main                     
00003149  _c_int00                       
00003496  _ctypes_                       
20000800  _ftable                        
200009e8  _lock                          
0000341b  _nop                           
00003413  _register_lock                 
0000340d  _register_unlock               
20000000  _sys_memory                    
0000340b  _system_post_cinit             
00003493  _system_pre_init               
200009ec  _unlock                        
000031a1  abort                          
00001b79  add_device                     
00003245  atoi                           
ffffffff  binit                          
000015c5  calloc                         
00001b29  close                          
00003291  copy_in                        
00003421  copysign                       
00003421  copysignl                      
200009f0  errno                          
000031a9  exit                           
00002bb3  fclose                         
00002989  fflush                         
000021a3  fopen                          
00002be5  fputc                          
00002535  fputs                          
0000130f  free                           
00002179  freopen                        
00003091  frexp                          
00003091  frexpl                         
0000302d  fseek                          
00000000  interruptVectors               
00002765  ldexp                          
00002765  ldexpl                         
00001b05  lseek                          
000031f1  ltoa                           
00001c25  main                           
200009f8  main_func_sp                   
000012a5  malloc                         
000014d9  memalign                       
000033a9  memccpy                        
00003389  memchr                         
00002ab1  memcpy                         
00002d91  memset                         
00001225  minit                          
00001a57  open                           
00002ef5  printf                         
00002be5  putc                           
00002c69  putchar                        
00002641  puts                           
00001a33  read                           
000013d1  realloc                        
000019a9  remove                         
00001a0b  remove_device                  
000019cd  rename                         
00002765  scalbn                         
00002765  scalbnl                        
00002861  setvbuf                        
000033f5  strchr                         
000033dd  strcmp                         
00003435  strcpy                         
00003449  strlen                         
00003325  strncpy                        
000019a9  unlink                         
00001919  write                          


GLOBAL SYMBOLS: SORTED BY Symbol Address 

address   name                           
-------   ----                           
00000000  __TI_static_base__             
00000000  interruptVectors               
00000200  __STACK_SIZE                   
00000800  __SYSMEM_SIZE                  
00000929  __TI_printfi                   
00001223  AES256_IRQHandler              
00001223  BusFault_Handler               
00001223  COMP_E0_IRQHandler             
00001223  COMP_E1_IRQHandler             
00001223  CS_IRQHandler                  
00001223  DMA_ERR_IRQHandler             
00001223  DMA_INT0_IRQHandler            
00001223  DMA_INT1_IRQHandler            
00001223  DMA_INT2_IRQHandler            
00001223  DMA_INT3_IRQHandler            
00001223  DebugMon_Handler               
00001223  Default_Handler                
00001223  EUSCIA0_IRQHandler             
00001223  EUSCIA1_IRQHandler             
00001223  EUSCIA2_IRQHandler             
00001223  EUSCIA3_IRQHandler             
00001223  EUSCIB0_IRQHandler             
00001223  EUSCIB1_IRQHandler             
00001223  EUSCIB2_IRQHandler             
00001223  EUSCIB3_IRQHandler             
00001223  FLCTL_IRQHandler               
00001223  FPU_IRQHandler                 
00001223  HardFault_Handler              
00001223  MemManage_Handler              
00001223  NMI_Handler                    
00001223  PCM_IRQHandler                 
00001223  PORT1_IRQHandler               
00001223  PORT2_IRQHandler               
00001223  PORT3_IRQHandler               
00001223  PORT4_IRQHandler               
00001223  PORT5_IRQHandler               
00001223  PORT6_IRQHandler               
00001223  PSS_IRQHandler                 
00001223  PendSV_Handler                 
00001223  RTC_C_IRQHandler               
00001223  SVC_Handler                    
00001223  SysTick_Handler                
00001223  T32_INT1_IRQHandler            
00001223  T32_INT2_IRQHandler            
00001223  T32_INTC_IRQHandler            
00001223  TA0_0_IRQHandler               
00001223  TA0_N_IRQHandler               
00001223  TA1_0_IRQHandler               
00001223  TA1_N_IRQHandler               
00001223  TA2_0_IRQHandler               
00001223  TA2_N_IRQHandler               
00001223  TA3_0_IRQHandler               
00001223  TA3_N_IRQHandler               
00001223  UsageFault_Handler             
00001225  minit                          
000012a5  malloc                         
0000130f  free                           
000013d1  realloc                        
000014d9  memalign                       
000015c5  calloc                         
000015f5  HOSTwrite                      
00001641  HOSTunlink                     
00001679  HOSTtime64                     
000016c7  HOSTtime                       
00001701  HOSTrename                     
0000175f  HOSTread                       
000017ab  HOSTopen                       
000017fd  HOSTlseek                      
00001859  HOSTgetenv                     
00001897  HOSTclose                      
000018cf  HOSTclock                      
00001919  write                          
000019a9  remove                         
000019a9  unlink                         
000019cd  rename                         
00001a0b  remove_device                  
00001a33  read                           
00001a57  open                           
00001b05  lseek                          
00001b29  close                          
00001b79  add_device                     
00001c25  main                           
00001e91  __aeabi_uldivmod               
0000214d  __TI_cleanup                   
00002179  freopen                        
000021a3  fopen                          
00002249  __aeabi_dsub                   
00002253  __aeabi_dadd                   
000023ff  __aeabi_ddiv                   
00002535  fputs                          
00002641  puts                           
00002669  __aeabi_dmul                   
00002765  ldexp                          
00002765  ldexpl                         
00002765  scalbn                         
00002765  scalbnl                        
00002861  setvbuf                        
0000293d  __TI_doflush                   
00002989  fflush                         
00002a05  __TI_wrt_ok                    
00002a67  __TI_rd_ok                     
00002ab1  __aeabi_memcpy                 
00002ab1  __aeabi_memcpy4                
00002ab1  __aeabi_memcpy8                
00002ab1  memcpy                         
00002b4d  __TI_closefile                 
00002bb3  fclose                         
00002be5  fputc                          
00002be5  putc                           
00002c69  putchar                        
00002c7d  __aeabi_cdcmpeq                
00002c7d  __aeabi_cdcmple                
00002d03  __aeabi_cdrcmple               
00002d89  __aeabi_memclr                 
00002d89  __aeabi_memclr4                
00002d89  __aeabi_memclr8                
00002d8b  __aeabi_memset                 
00002d8b  __aeabi_memset4                
00002d8b  __aeabi_memset8                
00002d91  memset                         
00002e03  __mpu_init                     
00002e05  SystemInit                     
00002e7d  __TI_auto_init                 
00002ef5  printf                         
00002f5d  __TI_decompress_lzss           
00002fc5  __TI_writemsg                  
00002ff3  C$$IO$$                        
00002ff7  __TI_readmsg                   
0000302d  fseek                          
00003091  frexp                          
00003091  frexpl                         
000030f5  ADC14_IRQHandler               
000030f5  ADC14_IRQHandler               
00003149  _c_int00                       
0000319d  C$$EXIT                        
000031a1  abort                          
000031a9  exit                           
000031f1  ltoa                           
00003245  atoi                           
00003291  copy_in                        
000032dd  __aeabi_d2iz                   
00003325  strncpy                        
0000335b  __aeabi_i2d                    
00003389  memchr                         
000033a9  memccpy                        
000033c5  _args_main                     
000033dd  strcmp                         
000033f5  strchr                         
0000340b  _system_post_cinit             
0000340d  _register_unlock               
00003413  _register_lock                 
0000341b  _nop                           
00003421  copysign                       
00003421  copysignl                      
00003435  strcpy                         
00003449  strlen                         
0000345d  WDT_A_IRQHandler               
0000345d  WDT_A_IRQHandler               
0000346d  __TI_decompress_none           
0000347b  Reset_Handler                  
00003487  __TI_zero_init                 
00003493  _system_pre_init               
00003496  _ctypes_                       
00003608  __TI_Handler_Table_Base        
00003614  __TI_Handler_Table_Limit       
00003620  __TI_CINIT_Base                
00003630  __TI_CINIT_Limit               
20000000  _sys_memory                    
20000800  _ftable                        
200009c0  __TI_ft_end                    
200009c4  __aeabi_stdin                  
200009c8  __aeabi_stdout                 
200009cc  __aeabi_stderr                 
200009d0  __TI_cleanup_ptr               
200009d4  __TI_dtors_ptr                 
200009d8  __TI_enable_exit_profile_output
200009e8  _lock                          
200009ec  _unlock                        
200009f0  errno                          
200009f8  main_func_sp                   
200009fc  __CIOBUF_                      
20000b1c  __TI_tmpnams                   
2000fe00  __stack                        
20010000  __STACK_END                    
4000480c  WDTCTL_SYM                     
ffffffff  __TI_pprof_out_hndl            
ffffffff  __TI_prof_data_size            
ffffffff  __TI_prof_data_start           
ffffffff  __binit__                      
ffffffff  __c_args__                     
ffffffff  binit                          
UNDEFED   SHT$$INIT_ARRAY$$Base          
UNDEFED   SHT$$INIT_ARRAY$$Limit         

[193 symbols]
