******************************************************************************
                  TI ARM Linker Unix v16.9.1                   
******************************************************************************
>> Linked Wed Jan 24 21:15:07 2018

OUTPUT FILE NAME:   <adc_dma_data_8led_collector_MSP_EXP432P401R.out>
ENTRY POINT SYMBOL: "_c_int00"  address: 00000ca9


MEMORY CONFIGURATION

         name            origin    length      used     unused   attr    fill
----------------------  --------  ---------  --------  --------  ----  --------
  MAIN                  00000000   00040000  00001072  0003ef8e  R  X
  INFO                  00200000   00004000  00000000  00004000  R  X
  SRAM_CODE             01000000   00010000  00000928  0000f6d8  RW X
  SRAM_DATA             20000000   00010000  00000928  0000f6d8  RW  


SEGMENT ALLOCATION MAP

run origin  load origin   length   init length attrs members
----------  ----------- ---------- ----------- ----- -------
00000000    00000000    00001078   00001078    r-x
  00000000    00000000    000000e4   000000e4    r-- .intvecs
  000000e4    000000e4    00000efa   00000efa    r-x .text
  00000fe0    00000fe0    00000054   00000054    r-- .const
  00001038    00001038    00000040   00000040    r-- .cinit
20000000    20000000    00000728   00000000    rw-
  20000000    20000000    00000700   00000000    rw- .bss
  20000700    20000700    00000028   00000000    rw- .data
2000fe00    2000fe00    00000200   00000000    rw-
  2000fe00    2000fe00    00000200   00000000    rw- .stack


SECTION ALLOCATION MAP

 output                                  attributes/
section   page    origin      length       input sections
--------  ----  ----------  ----------   ----------------
.intvecs   0    00000000    000000e4     
                  00000000    000000e4     startup_msp432p401r_ccs.obj (.intvecs:retain)

.text      0    000000e4    00000efa     
                  000000e4    000002fc     main.obj (.text:DMA_INT1_IRQHandler)
                  000003e0    00000250     board_init.obj (.text:adc_dma_init)
                  00000630    00000154     main.obj (.text:main)
                  00000784    00000138     board_init.obj (.text:pinout_init)
                  000008bc    000000a0     main.obj (.text:WDT_A_IRQHandler)
                  0000095c    0000009c     rtsv7M4_T_le_v4SPD16_eabi.lib : memcpy_t2.obj (.text)
                  000009f8    00000086     x9c104.obj (.text:reset)
                  00000a7e    0000007a     rtsv7M4_T_le_v4SPD16_eabi.lib : memset_t2.obj (.text)
                  00000af8    00000078     system_msp432p401r.obj (.text:SystemInit)
                  00000b70    00000070     rtsv7M4_T_le_v4SPD16_eabi.lib : autoinit.obj (.text)
                  00000be0    00000068                                   : copy_decompress_lzss.obj (.text:decompress:lzss)
                  00000c48    00000060     main.obj (.text:EUSCIA0_IRQHandler)
                  00000ca8    00000054     rtsv7M4_T_le_v4SPD16_eabi.lib : boot.obj (.text)
                  00000cfc    00000054                                   : exit.obj (.text)
                  00000d50    0000004c                                   : cpy_tbl.obj (.text)
                  00000d9c    00000048     board_init.obj (.text:timer_init)
                  00000de4    00000038     main.obj (.text:uart_puts)
                  00000e1c    00000034     x9c104.obj (.text:potentiometerstart)
                  00000e50    0000002c     x9c104.obj (.text:setPotValue)
                  00000e7c    0000002a     x9c104.obj (.text:store)
                  00000ea6    00000028     x9c104.obj (.text:increment)
                  00000ece    00000002     startup_msp432p401r_ccs.obj (.text:Default_Handler)
                  00000ed0    00000024     msp432p4xx_driverlib.lib : cs.obj (.text:CS_setDCOCenteredFrequency)
                  00000ef4    00000024                              : gpio.obj (.text:GPIO_setAsOutputPin)
                  00000f18    00000020     x9c104.obj (.text:potUp)
                  00000f38    00000020     main.obj (.text:uart_putchar)
                  00000f58    00000018     msp432p4xx_driverlib.lib : gpio.obj (.text:GPIO_setOutputLowOnPin)
                  00000f70    00000018     rtsv7M4_T_le_v4SPD16_eabi.lib : args_main.obj (.text)
                  00000f88    00000014     msp432p4xx_driverlib.lib : gpio.obj (.text:GPIO_setOutputHighOnPin)
                  00000f9c    00000014     rtsv7M4_T_le_v4SPD16_eabi.lib : _lock.obj (.text)
                  00000fb0    0000000e                                   : copy_decompress_none.obj (.text:decompress:none)
                  00000fbe    0000000c     startup_msp432p401r_ccs.obj (.text:Reset_Handler)
                  00000fca    0000000c     rtsv7M4_T_le_v4SPD16_eabi.lib : copy_zero_init.obj (.text:decompress:ZI)
                  00000fd6    00000004                                   : pre_init.obj (.text)
                  00000fda    00000002                                   : mpu_init.obj (.text)
                  00000fdc    00000002                                   : startup.obj (.text)

.const     0    00000fe0    00000054     
                  00000fe0    00000030     msp432p4xx_driverlib.lib : gpio.obj (.const:GPIO_PORT_TO_BASE)
                  00001010    00000024     main.obj (.const:uartConfig)

.cinit     0    00001038    00000040     
                  00001038    00000016     (.cinit..data.load) [load image, compression = lzss]
                  0000104e    00000002     --HOLE-- [fill = 0]
                  00001050    0000000c     (__TI_handler_table)
                  0000105c    00000004     --HOLE-- [fill = 0]
                  00001060    00000008     (.cinit..bss.load) [load image, compression = zero_init]
                  00001068    00000010     (__TI_cinit_table)

.init_array 
*          0    00000000    00000000     UNINITIALIZED

.binit     0    00000000    00000000     

.bss       0    20000000    00000700     UNINITIALIZED
                  20000000    00000200     board_init.obj (.bss:resultsBuffer)
                  20000200    00000200     main.obj (.bss:resultsBuffer)
                  20000400    00000104     main.obj (.bss:tx_buf)
                  20000504    000000fc     --HOLE--
                  20000600    00000100     (.common:controlTable)

.data      0    20000700    00000028     UNINITIALIZED
                  20000700    00000010     main.obj (.data)
                  20000710    0000000c     rtsv7M4_T_le_v4SPD16_eabi.lib : exit.obj (.data:$O1$$)
                  2000071c    00000008                                   : _lock.obj (.data:$O1$$)
                  20000724    00000004                                   : stkdepth_vars.obj (.data)

.stack     0    2000fe00    00000200     UNINITIALIZED
                  2000fe00    00000200     --HOLE--

MODULE SUMMARY

       Module                        code   ro data   rw data
       ------                        ----   -------   -------
    ./
       main.obj                      1448   36        1576   
       board_init.obj                976    0         1536   
       x9c104.obj                    344    0         0      
       system_msp432p401r.obj        120    0         0      
    +--+-----------------------------+------+---------+---------+
       Total:                        2888   36        3112   
                                                             
    ./ccs/
       startup_msp432p401r_ccs.obj   14     228       0      
    +--+-----------------------------+------+---------+---------+
       Total:                        14     228       0      
                                                             
    /Applications/ti/ccsv7/tools/compiler/ti-cgt-arm_16.9.1.LTS/lib/rtsv7M4_T_le_v4SPD16_eabi.lib
       memcpy_t2.obj                 156    0         0      
       memset_t2.obj                 122    0         0      
       autoinit.obj                  112    0         0      
       exit.obj                      84     0         24     
       copy_decompress_lzss.obj      104    0         0      
       boot.obj                      84     0         0      
       cpy_tbl.obj                   76     0         0      
       _lock.obj                     20     0         16     
       args_main.obj                 24     0         0      
       copy_decompress_none.obj      14     0         0      
       copy_zero_init.obj            12     0         0      
       stkdepth_vars.obj             0      0         8      
       pre_init.obj                  4      0         0      
       mpu_init.obj                  2      0         0      
       startup.obj                   2      0         0      
    +--+-----------------------------+------+---------+---------+
       Total:                        816    0         48     
                                                             
    /Users/imac/ti/simplelink_msp432_sdk_1_40_01_00/source/ti/devices/msp432p4xx/driverlib/ccs/msp432p4xx_driverlib.lib
       gpio.obj                      80     48        0      
       cs.obj                        36     0         0      
    +--+-----------------------------+------+---------+---------+
       Total:                        116    48        0      
                                                             
       Stack:                        0      0         1024   
       Linker Generated:             0      58        0      
    +--+-----------------------------+------+---------+---------+
       Grand Total:                  3834   370       4184   


LINKER GENERATED COPY TABLES

__TI_cinit_table @ 00001068 records: 2, size/record: 8, table size: 16
	.data: load addr=00001038, load size=00000016 bytes, run addr=20000700, run size=00000028 bytes, compression=lzss
	.bss: load addr=00001060, load size=00000008 bytes, run addr=20000000, run size=00000700 bytes, compression=zero_init


LINKER GENERATED HANDLER TABLE

__TI_handler_table @ 00001050 records: 3, size/record: 4, table size: 12
	index: 0, handler: __TI_decompress_lzss
	index: 1, handler: __TI_decompress_none
	index: 2, handler: __TI_zero_init


GLOBAL SYMBOLS: SORTED ALPHABETICALLY BY Name 

address   name                           
-------   ----                           
00000ecf  ADC14_IRQHandler               
00000ecf  AES256_IRQHandler              
00000ecf  BusFault_Handler               
00000cfd  C$$EXIT                        
00000ecf  COMP_E0_IRQHandler             
00000ecf  COMP_E1_IRQHandler             
00000ecf  CS_IRQHandler                  
00000ed1  CS_setDCOCenteredFrequency     
00000ecf  DMA_ERR_IRQHandler             
00000ecf  DMA_INT0_IRQHandler            
000000e5  DMA_INT1_IRQHandler            
000000e5  DMA_INT1_IRQHandler            
00000ecf  DMA_INT2_IRQHandler            
00000ecf  DMA_INT3_IRQHandler            
00000ecf  DebugMon_Handler               
00000ecf  Default_Handler                
00000c49  EUSCIA0_IRQHandler             
00000c49  EUSCIA0_IRQHandler             
00000ecf  EUSCIA1_IRQHandler             
00000ecf  EUSCIA2_IRQHandler             
00000ecf  EUSCIA3_IRQHandler             
00000ecf  EUSCIB0_IRQHandler             
00000ecf  EUSCIB1_IRQHandler             
00000ecf  EUSCIB2_IRQHandler             
00000ecf  EUSCIB3_IRQHandler             
00000ecf  FLCTL_IRQHandler               
00000ecf  FPU_IRQHandler                 
00000ef5  GPIO_setAsOutputPin            
00000f89  GPIO_setOutputHighOnPin        
00000f59  GPIO_setOutputLowOnPin         
00000ecf  HardFault_Handler              
00000ecf  MemManage_Handler              
00000ecf  NMI_Handler                    
00000ecf  PCM_IRQHandler                 
00000ecf  PORT1_IRQHandler               
00000ecf  PORT2_IRQHandler               
00000ecf  PORT3_IRQHandler               
00000ecf  PORT4_IRQHandler               
00000ecf  PORT5_IRQHandler               
00000ecf  PORT6_IRQHandler               
00000ecf  PSS_IRQHandler                 
00000ecf  PendSV_Handler                 
00000ecf  RTC_C_IRQHandler               
00000fbf  Reset_Handler                  
UNDEFED   SHT$$INIT_ARRAY$$Base          
UNDEFED   SHT$$INIT_ARRAY$$Limit         
00000ecf  SVC_Handler                    
00000ecf  SysTick_Handler                
00000af9  SystemInit                     
00000ecf  T32_INT1_IRQHandler            
00000ecf  T32_INT2_IRQHandler            
00000ecf  T32_INTC_IRQHandler            
00000ecf  TA0_0_IRQHandler               
00000ecf  TA0_N_IRQHandler               
00000ecf  TA1_0_IRQHandler               
00000ecf  TA1_N_IRQHandler               
00000ecf  TA2_0_IRQHandler               
00000ecf  TA2_N_IRQHandler               
00000ecf  TA3_0_IRQHandler               
00000ecf  TA3_N_IRQHandler               
00000ecf  UsageFault_Handler             
4000480c  WDTCTL_SYM                     
000008bd  WDT_A_IRQHandler               
000008bd  WDT_A_IRQHandler               
20010000  __STACK_END                    
00000200  __STACK_SIZE                   
00001068  __TI_CINIT_Base                
00001078  __TI_CINIT_Limit               
00001050  __TI_Handler_Table_Base        
0000105c  __TI_Handler_Table_Limit       
00000b71  __TI_auto_init                 
20000710  __TI_cleanup_ptr               
00000be1  __TI_decompress_lzss           
00000fb1  __TI_decompress_none           
20000714  __TI_dtors_ptr                 
20000718  __TI_enable_exit_profile_output
ffffffff  __TI_pprof_out_hndl            
ffffffff  __TI_prof_data_size            
ffffffff  __TI_prof_data_start           
00000000  __TI_static_base__             
00000fcb  __TI_zero_init                 
00000a7f  __aeabi_memclr                 
00000a7f  __aeabi_memclr4                
00000a7f  __aeabi_memclr8                
0000095d  __aeabi_memcpy                 
0000095d  __aeabi_memcpy4                
0000095d  __aeabi_memcpy8                
00000a81  __aeabi_memset                 
00000a81  __aeabi_memset4                
00000a81  __aeabi_memset8                
ffffffff  __binit__                      
ffffffff  __c_args__                     
00000fdb  __mpu_init                     
2000fe00  __stack                        
00000f71  _args_main                     
00000ca9  _c_int00                       
2000071c  _lock                          
00000fab  _nop                           
00000fa3  _register_lock                 
00000f9d  _register_unlock               
00000fdd  _system_post_cinit             
00000fd7  _system_pre_init               
20000720  _unlock                        
00000d01  abort                          
000003e1  adc_dma_init                   
ffffffff  binit                          
20000600  controlTable                   
00000d51  copy_in                        
20000704  counter                        
20000701  data_collection_start          
20000700  debug                          
00000d09  exit                           
00000ea7  increment                      
00000000  interruptVectors               
00000631  main                           
20000724  main_func_sp                   
0000095d  memcpy                         
00000a87  memset                         
00000785  pinout_init                    
00000f19  potUp                          
00000e1d  potentiometerstart             
000009f9  reset                          
2000070c  sequence_index                 
00000e51  setPotValue                    
20000708  step_counter                   
00000e7d  store                          
00000d9d  timer_init                     
00001010  uartConfig                     
00000f39  uart_putchar                   
00000de5  uart_puts                      


GLOBAL SYMBOLS: SORTED BY Symbol Address 

address   name                           
-------   ----                           
00000000  __TI_static_base__             
00000000  interruptVectors               
000000e5  DMA_INT1_IRQHandler            
000000e5  DMA_INT1_IRQHandler            
00000200  __STACK_SIZE                   
000003e1  adc_dma_init                   
00000631  main                           
00000785  pinout_init                    
000008bd  WDT_A_IRQHandler               
000008bd  WDT_A_IRQHandler               
0000095d  __aeabi_memcpy                 
0000095d  __aeabi_memcpy4                
0000095d  __aeabi_memcpy8                
0000095d  memcpy                         
000009f9  reset                          
00000a7f  __aeabi_memclr                 
00000a7f  __aeabi_memclr4                
00000a7f  __aeabi_memclr8                
00000a81  __aeabi_memset                 
00000a81  __aeabi_memset4                
00000a81  __aeabi_memset8                
00000a87  memset                         
00000af9  SystemInit                     
00000b71  __TI_auto_init                 
00000be1  __TI_decompress_lzss           
00000c49  EUSCIA0_IRQHandler             
00000c49  EUSCIA0_IRQHandler             
00000ca9  _c_int00                       
00000cfd  C$$EXIT                        
00000d01  abort                          
00000d09  exit                           
00000d51  copy_in                        
00000d9d  timer_init                     
00000de5  uart_puts                      
00000e1d  potentiometerstart             
00000e51  setPotValue                    
00000e7d  store                          
00000ea7  increment                      
00000ecf  ADC14_IRQHandler               
00000ecf  AES256_IRQHandler              
00000ecf  BusFault_Handler               
00000ecf  COMP_E0_IRQHandler             
00000ecf  COMP_E1_IRQHandler             
00000ecf  CS_IRQHandler                  
00000ecf  DMA_ERR_IRQHandler             
00000ecf  DMA_INT0_IRQHandler            
00000ecf  DMA_INT2_IRQHandler            
00000ecf  DMA_INT3_IRQHandler            
00000ecf  DebugMon_Handler               
00000ecf  Default_Handler                
00000ecf  EUSCIA1_IRQHandler             
00000ecf  EUSCIA2_IRQHandler             
00000ecf  EUSCIA3_IRQHandler             
00000ecf  EUSCIB0_IRQHandler             
00000ecf  EUSCIB1_IRQHandler             
00000ecf  EUSCIB2_IRQHandler             
00000ecf  EUSCIB3_IRQHandler             
00000ecf  FLCTL_IRQHandler               
00000ecf  FPU_IRQHandler                 
00000ecf  HardFault_Handler              
00000ecf  MemManage_Handler              
00000ecf  NMI_Handler                    
00000ecf  PCM_IRQHandler                 
00000ecf  PORT1_IRQHandler               
00000ecf  PORT2_IRQHandler               
00000ecf  PORT3_IRQHandler               
00000ecf  PORT4_IRQHandler               
00000ecf  PORT5_IRQHandler               
00000ecf  PORT6_IRQHandler               
00000ecf  PSS_IRQHandler                 
00000ecf  PendSV_Handler                 
00000ecf  RTC_C_IRQHandler               
00000ecf  SVC_Handler                    
00000ecf  SysTick_Handler                
00000ecf  T32_INT1_IRQHandler            
00000ecf  T32_INT2_IRQHandler            
00000ecf  T32_INTC_IRQHandler            
00000ecf  TA0_0_IRQHandler               
00000ecf  TA0_N_IRQHandler               
00000ecf  TA1_0_IRQHandler               
00000ecf  TA1_N_IRQHandler               
00000ecf  TA2_0_IRQHandler               
00000ecf  TA2_N_IRQHandler               
00000ecf  TA3_0_IRQHandler               
00000ecf  TA3_N_IRQHandler               
00000ecf  UsageFault_Handler             
00000ed1  CS_setDCOCenteredFrequency     
00000ef5  GPIO_setAsOutputPin            
00000f19  potUp                          
00000f39  uart_putchar                   
00000f59  GPIO_setOutputLowOnPin         
00000f71  _args_main                     
00000f89  GPIO_setOutputHighOnPin        
00000f9d  _register_unlock               
00000fa3  _register_lock                 
00000fab  _nop                           
00000fb1  __TI_decompress_none           
00000fbf  Reset_Handler                  
00000fcb  __TI_zero_init                 
00000fd7  _system_pre_init               
00000fdb  __mpu_init                     
00000fdd  _system_post_cinit             
00001010  uartConfig                     
00001050  __TI_Handler_Table_Base        
0000105c  __TI_Handler_Table_Limit       
00001068  __TI_CINIT_Base                
00001078  __TI_CINIT_Limit               
20000600  controlTable                   
20000700  debug                          
20000701  data_collection_start          
20000704  counter                        
20000708  step_counter                   
2000070c  sequence_index                 
20000710  __TI_cleanup_ptr               
20000714  __TI_dtors_ptr                 
20000718  __TI_enable_exit_profile_output
2000071c  _lock                          
20000720  _unlock                        
20000724  main_func_sp                   
2000fe00  __stack                        
20010000  __STACK_END                    
4000480c  WDTCTL_SYM                     
ffffffff  __TI_pprof_out_hndl            
ffffffff  __TI_prof_data_size            
ffffffff  __TI_prof_data_start           
ffffffff  __binit__                      
ffffffff  __c_args__                     
ffffffff  binit                          
UNDEFED   SHT$$INIT_ARRAY$$Base          
UNDEFED   SHT$$INIT_ARRAY$$Limit         

[130 symbols]
